Archive member included because of file (symbol)

c:/freescale/kds_2.0.0/toolchain/bin/../lib/gcc/arm-none-eabi/4.8.0/../../../../arm-none-eabi/lib/m4/fp/v4-sp-d16\libg_s.a(lib_a-atexit.o)
                              c:/freescale/kds_2.0.0/toolchain/bin/../lib/gcc/arm-none-eabi/4.8.0/../../../../arm-none-eabi/lib/m4/fp/v4-sp-d16/crt0.o (atexit)
c:/freescale/kds_2.0.0/toolchain/bin/../lib/gcc/arm-none-eabi/4.8.0/../../../../arm-none-eabi/lib/m4/fp/v4-sp-d16\libg_s.a(lib_a-exit.o)
                              c:/freescale/kds_2.0.0/toolchain/bin/../lib/gcc/arm-none-eabi/4.8.0/../../../../arm-none-eabi/lib/m4/fp/v4-sp-d16/crt0.o (exit)
c:/freescale/kds_2.0.0/toolchain/bin/../lib/gcc/arm-none-eabi/4.8.0/../../../../arm-none-eabi/lib/m4/fp/v4-sp-d16\libg_s.a(lib_a-fini.o)
                              c:/freescale/kds_2.0.0/toolchain/bin/../lib/gcc/arm-none-eabi/4.8.0/../../../../arm-none-eabi/lib/m4/fp/v4-sp-d16\libg_s.a(lib_a-exit.o) (__libc_fini_array)
c:/freescale/kds_2.0.0/toolchain/bin/../lib/gcc/arm-none-eabi/4.8.0/../../../../arm-none-eabi/lib/m4/fp/v4-sp-d16\libg_s.a(lib_a-impure.o)
                              c:/freescale/kds_2.0.0/toolchain/bin/../lib/gcc/arm-none-eabi/4.8.0/../../../../arm-none-eabi/lib/m4/fp/v4-sp-d16\libg_s.a(lib_a-exit.o) (_global_impure_ptr)
c:/freescale/kds_2.0.0/toolchain/bin/../lib/gcc/arm-none-eabi/4.8.0/../../../../arm-none-eabi/lib/m4/fp/v4-sp-d16\libg_s.a(lib_a-malloc.o)
                              ./Sources/Application.o (malloc)
c:/freescale/kds_2.0.0/toolchain/bin/../lib/gcc/arm-none-eabi/4.8.0/../../../../arm-none-eabi/lib/m4/fp/v4-sp-d16\libg_s.a(lib_a-mallocr.o)
                              c:/freescale/kds_2.0.0/toolchain/bin/../lib/gcc/arm-none-eabi/4.8.0/../../../../arm-none-eabi/lib/m4/fp/v4-sp-d16\libg_s.a(lib_a-malloc.o) (_malloc_r)
c:/freescale/kds_2.0.0/toolchain/bin/../lib/gcc/arm-none-eabi/4.8.0/../../../../arm-none-eabi/lib/m4/fp/v4-sp-d16\libg_s.a(lib_a-memset.o)
                              c:/freescale/kds_2.0.0/toolchain/bin/../lib/gcc/arm-none-eabi/4.8.0/../../../../arm-none-eabi/lib/m4/fp/v4-sp-d16/crt0.o (memset)
c:/freescale/kds_2.0.0/toolchain/bin/../lib/gcc/arm-none-eabi/4.8.0/../../../../arm-none-eabi/lib/m4/fp/v4-sp-d16\libg_s.a(lib_a-sbrkr.o)
                              c:/freescale/kds_2.0.0/toolchain/bin/../lib/gcc/arm-none-eabi/4.8.0/../../../../arm-none-eabi/lib/m4/fp/v4-sp-d16\libg_s.a(lib_a-mallocr.o) (_sbrk_r)
c:/freescale/kds_2.0.0/toolchain/bin/../lib/gcc/arm-none-eabi/4.8.0/../../../../arm-none-eabi/lib/m4/fp/v4-sp-d16\libg_s.a(lib_a-sprintf.o)
                              ./Sources/Application.o (sprintf)
c:/freescale/kds_2.0.0/toolchain/bin/../lib/gcc/arm-none-eabi/4.8.0/../../../../arm-none-eabi/lib/m4/fp/v4-sp-d16\libg_s.a(lib_a-strchr.o)
                              ./Generated_Code/UTIL1.o (strchr)
c:/freescale/kds_2.0.0/toolchain/bin/../lib/gcc/arm-none-eabi/4.8.0/../../../../arm-none-eabi/lib/m4/fp/v4-sp-d16\libg_s.a(lib_a-strlen.o)
                              ./Sources/Application.o (strlen)
c:/freescale/kds_2.0.0/toolchain/bin/../lib/gcc/arm-none-eabi/4.8.0/../../../../arm-none-eabi/lib/m4/fp/v4-sp-d16\libg_s.a(lib_a-strncmp.o)
                              ./Generated_Code/UTIL1.o (strncmp)
c:/freescale/kds_2.0.0/toolchain/bin/../lib/gcc/arm-none-eabi/4.8.0/../../../../arm-none-eabi/lib/m4/fp/v4-sp-d16\libg_s.a(lib_a-svfprintf.o)
                              c:/freescale/kds_2.0.0/toolchain/bin/../lib/gcc/arm-none-eabi/4.8.0/../../../../arm-none-eabi/lib/m4/fp/v4-sp-d16\libg_s.a(lib_a-sprintf.o) (_svfprintf_r)
c:/freescale/kds_2.0.0/toolchain/bin/../lib/gcc/arm-none-eabi/4.8.0/../../../../arm-none-eabi/lib/m4/fp/v4-sp-d16\libg_s.a(lib_a-syscalls.o)
                              c:/freescale/kds_2.0.0/toolchain/bin/../lib/gcc/arm-none-eabi/4.8.0/../../../../arm-none-eabi/lib/m4/fp/v4-sp-d16\libg_s.a(lib_a-exit.o) (_exit)
c:/freescale/kds_2.0.0/toolchain/bin/../lib/gcc/arm-none-eabi/4.8.0/../../../../arm-none-eabi/lib/m4/fp/v4-sp-d16\libg_s.a(lib_a-vfprintf_i.o)
                              c:/freescale/kds_2.0.0/toolchain/bin/../lib/gcc/arm-none-eabi/4.8.0/../../../../arm-none-eabi/lib/m4/fp/v4-sp-d16\libg_s.a(lib_a-svfprintf.o) (_printf_i)
c:/freescale/kds_2.0.0/toolchain/bin/../lib/gcc/arm-none-eabi/4.8.0/../../../../arm-none-eabi/lib/m4/fp/v4-sp-d16\libg_s.a(lib_a-__atexit.o)
                              c:/freescale/kds_2.0.0/toolchain/bin/../lib/gcc/arm-none-eabi/4.8.0/../../../../arm-none-eabi/lib/m4/fp/v4-sp-d16\libg_s.a(lib_a-atexit.o) (__do_register_exitproc)
c:/freescale/kds_2.0.0/toolchain/bin/../lib/gcc/arm-none-eabi/4.8.0/../../../../arm-none-eabi/lib/m4/fp/v4-sp-d16\libg_s.a(lib_a-__call_atexit.o)
                              c:/freescale/kds_2.0.0/toolchain/bin/../lib/gcc/arm-none-eabi/4.8.0/../../../../arm-none-eabi/lib/m4/fp/v4-sp-d16\libg_s.a(lib_a-__atexit.o) (__call_exitprocs)
[...]
Memory Configuration

Name             Origin             Length             Attributes
m_interrupts     0x00000000         0x00000198         xr
m_text           0x00000410         0x000ffbf0         xr
m_data_1FFF0000  0x1fff0000         0x00010000         rw
m_data           0x20000000         0x00030000         rw
m_cfmprotrom     0x00000400         0x00000010         xr
*default*        0x00000000         0xffffffff

Linker script and memory map

LOAD c:/freescale/kds_2.0.0/toolchain/bin/../lib/gcc/arm-none-eabi/4.8.0/m4/fp/v4-sp-d16/crti.o
LOAD c:/freescale/kds_2.0.0/toolchain/bin/../lib/gcc/arm-none-eabi/4.8.0/m4/fp/v4-sp-d16/crtbegin.o
LOAD c:/freescale/kds_2.0.0/toolchain/bin/../lib/gcc/arm-none-eabi/4.8.0/../../../../arm-none-eabi/lib/m4/fp/v4-sp-d16/crt0.o
LOAD ./Sources/Application.o
LOAD ./Sources/Events.o
LOAD ./Sources/LEDController.o
LOAD ./Sources/SDBuffer.o
LOAD ./Sources/TimeKeep.o
LOAD ./Sources/main.o
LOAD ./Project_Settings/Startup_Code/startup.o
LOAD ./Generated_Code/System/CPU_Init.o
LOAD ./Generated_Code/System/Peripherals_Init.o
LOAD ./Generated_Code/System/Vectors.o
LOAD ./Generated_Code/CD1.o
LOAD ./Generated_Code/CI2C1.o
LOAD ./Generated_Code/CS1.o
LOAD ./Generated_Code/Cpu.o
LOAD ./Generated_Code/EInt1.o
LOAD ./Generated_Code/EInt2.o
LOAD ./Generated_Code/FAT1.o
LOAD ./Generated_Code/FX1.o
LOAD ./Generated_Code/GI2C1.o
LOAD ./Generated_Code/LED_B.o
LOAD ./Generated_Code/LED_G.o
LOAD ./Generated_Code/LED_R.o
LOAD ./Generated_Code/PE_LDD.o
LOAD ./Generated_Code/SD1.o
LOAD ./Generated_Code/SM1.o
LOAD ./Generated_Code/SS1.o
LOAD ./Generated_Code/TI1.o
LOAD ./Generated_Code/TI2.o
LOAD ./Generated_Code/TMOUT1.o
LOAD ./Generated_Code/TU1.o
LOAD ./Generated_Code/TU2.o
LOAD ./Generated_Code/TimerIntLdd1.o
LOAD ./Generated_Code/TimerIntLdd2.o
LOAD ./Generated_Code/TmDt1.o
LOAD ./Generated_Code/UTIL1.o
LOAD ./Generated_Code/WAIT1.o
LOAD ./Generated_Code/ff.o
LOAD c:/freescale/kds_2.0.0/toolchain/bin/../lib/gcc/arm-none-eabi/4.8.0/../../../../arm-none-eabi/lib/m4/fp/v4-sp-d16\libstdc++.a
LOAD c:/freescale/kds_2.0.0/toolchain/bin/../lib/gcc/arm-none-eabi/4.8.0/../../../../arm-none-eabi/lib/m4/fp/v4-sp-d16\libm.a
START GROUP
LOAD c:/freescale/kds_2.0.0/toolchain/bin/../lib/gcc/arm-none-eabi/4.8.0/m4/fp/v4-sp-d16\libgcc.a
LOAD c:/freescale/kds_2.0.0/toolchain/bin/../lib/gcc/arm-none-eabi/4.8.0/../../../../arm-none-eabi/lib/m4/fp/v4-sp-d16\libg_s.a
LOAD c:/freescale/kds_2.0.0/toolchain/bin/../lib/gcc/arm-none-eabi/4.8.0/../../../../arm-none-eabi/lib/m4/fp/v4-sp-d16\libc_s.a
END GROUP
LOAD c:/freescale/kds_2.0.0/toolchain/bin/../lib/gcc/arm-none-eabi/4.8.0/m4/fp/v4-sp-d16/crtend.o
LOAD c:/freescale/kds_2.0.0/toolchain/bin/../lib/gcc/arm-none-eabi/4.8.0/m4/fp/v4-sp-d16/crtn.o
                0x20030000                _estack = 0x20030000
                0x20030000                __SP_INIT = _estack
                0x00000400                __heap_size = 0x400
                0x00000400                __stack_size = 0x400

.interrupts     0x00000000      0x198
                0x00000000                __vector_table = .
                0x00000000                . = ALIGN (0x4)
 *(.vectortable)
 .vectortable   0x00000000      0x198 ./Generated_Code/System/Vectors.o
                0x00000000                __vect_table
                0x00000198                . = ALIGN (0x4)

.cfmprotect     0x00000400        0x0
                0x00000400                . = ALIGN (0x4)
 *(.cfmconfig)
                0x00000400                . = ALIGN (0x4)

.text           0x00000410     0x824c
                0x00000410                . = ALIGN (0x4)
 *(.text)
 *(.text*)
 .text.deregister_tm_clones
                0x00000410       0x20 c:/freescale/kds_2.0.0/toolchain/bin/../lib/gcc/arm-none-eabi/4.8.0/m4/fp/v4-sp-d16/crtbegin.o
 .text.register_tm_clones
                0x00000430       0x28 c:/freescale/kds_2.0.0/toolchain/bin/../lib/gcc/arm-none-eabi/4.8.0/m4/fp/v4-sp-d16/crtbegin.o
 .text.__do_global_dtors_aux
                0x00000458       0x2c c:/freescale/kds_2.0.0/toolchain/bin/../lib/gcc/arm-none-eabi/4.8.0/m4/fp/v4-sp-d16/crtbegin.o
 .text.frame_dummy
                0x00000484       0x38 c:/freescale/kds_2.0.0/toolchain/bin/../lib/gcc/arm-none-eabi/4.8.0/m4/fp/v4-sp-d16/crtbegin.o
 .text.Err      0x000004bc        0x8 ./Sources/Application.o
 .text.LogToFile
                0x000004c4      0x328 ./Sources/Application.o
                0x000004c4                LogToFile
 .text.APP_Run  0x000007ec      0x140 ./Sources/Application.o
                0x000007ec                APP_Run
 .text.Cpu_OnNMI
                0x0000092c        0xc ./Sources/Events.o
                0x0000092c                Cpu_OnNMI
 .text.EInt1_OnInterrupt
                0x00000938       0x50 ./Sources/Events.o
                0x00000938                EInt1_OnInterrupt
 .text.TI1_OnInterrupt
                0x00000988        0xc ./Sources/Events.o
                0x00000988                TI1_OnInterrupt
 .text.SM1_OnBlockSent
                0x00000994       0x14 ./Sources/Events.o
                0x00000994                SM1_OnBlockSent
 .text.EInt2_OnInterrupt
                0x000009a8       0x48 ./Sources/Events.o
                0x000009a8                EInt2_OnInterrupt
 .text.isCollectingData
                0x000009f0       0x18 ./Sources/Events.o
                0x000009f0                isCollectingData
 .text.TI2_OnInterrupt
                0x00000a08      0x138 ./Sources/Events.o
                0x00000a08                TI2_OnInterrupt
 .text.TurnOnLEDs
                0x00000b40      0x138 ./Sources/LEDController.o
                0x00000b40                TurnOnLEDs
 .text.init_Buffer
                0x00000c78      0x134 ./Sources/SDBuffer.o
                0x00000c78                init_Buffer
 .text.swap_Buffer
                0x00000dac       0x9c ./Sources/SDBuffer.o
                0x00000dac                swap_Buffer
 .text.writeToBuffer
                0x00000e48      0x1b8 ./Sources/SDBuffer.o
                0x00000e48                writeToBuffer
 .text.getDataBuffer
                0x00001000       0x18 ./Sources/SDBuffer.o
                0x00001000                getDataBuffer
 .text.clearTimeKeep
                0x00001018       0x4c ./Sources/TimeKeep.o
                0x00001018                clearTimeKeep
 .text.addTick  0x00001064       0xec ./Sources/TimeKeep.o
                0x00001064                addTick
 .text.main     0x00001150      0x124 ./Sources/main.o
                0x00001150                main
 .text.__flush_cache
                0x00001274       0x14 ./Project_Settings/Startup_Code/startup.o
                0x00001274                __flush_cache
 .text.__copy_rom_section
                0x00001288       0xe4 ./Project_Settings/Startup_Code/startup.o
                0x00001288                __copy_rom_section
 .text.__copy_rom_sections_to_ram
                0x0000136c       0xf8 ./Project_Settings/Startup_Code/startup.o
                0x0000136c                __copy_rom_sections_to_ram
 .text.zero_fill_bss
                0x00001464       0xbc ./Project_Settings/Startup_Code/startup.o
 .text.__init_registers
                0x00001520       0x20 ./Project_Settings/Startup_Code/startup.o
                0x00001520                __init_registers
 .text.__init_user
                0x00001540        0xc ./Project_Settings/Startup_Code/startup.o
                0x00001540                __init_user
 .text.__thumb_startup
                0x0000154c       0x50 ./Project_Settings/Startup_Code/startup.o
                0x0000154c                __thumb_startup
 .text.CPU_SetBASEPRI
                0x0000159c       0x18 ./Generated_Code/System/CPU_Init.o
                0x0000159c                CPU_SetBASEPRI
 .text.__init_hardware
                0x000015b4      0x134 ./Generated_Code/System/CPU_Init.o
                0x000015b4                __init_hardware
 .text.PE_low_level_init
                0x000016e8       0x1c ./Generated_Code/System/CPU_Init.o
                0x000016e8                PE_low_level_init
 .text.CPU_GetClockGenMode
                0x00001704       0xb0 ./Generated_Code/System/CPU_Init.o
                0x00001704                CPU_GetClockGenMode
 .text.CPU_SetClockConfigGenMode
                0x000017b4      0x7b4 ./Generated_Code/System/CPU_Init.o
                0x000017b4                CPU_SetClockConfigGenMode
 .text.UnhandledInterrupt
                0x00001f68       0x18 ./Generated_Code/System/Vectors.o
                0x00001f68                UnhandledInterrupt
 .text.CD1_Init
                0x00001f80       0x90 ./Generated_Code/CD1.o
                0x00001f80                CD1_Init
 .text.CI2C1_Interrupt
                0x00002010      0x354 ./Generated_Code/CI2C1.o
                0x00002010                CI2C1_Interrupt
 .text.CI2C1_Init
                0x00002364      0x19c ./Generated_Code/CI2C1.o
                0x00002364                CI2C1_Init
 .text.CI2C1_MasterSendBlock
                0x00002500      0x1e8 ./Generated_Code/CI2C1.o
                0x00002500                CI2C1_MasterSendBlock
 .text.CI2C1_MasterReceiveBlock
                0x000026e8      0x1e0 ./Generated_Code/CI2C1.o
                0x000026e8                CI2C1_MasterReceiveBlock
 .text.CI2C1_SelectSlaveDevice
                0x000028c8       0xf0 ./Generated_Code/CI2C1.o
                0x000028c8                CI2C1_SelectSlaveDevice
 .text.Components_Init
                0x000029b8       0x50 ./Generated_Code/Cpu.o
                0x000029b8                Components_Init
 .text.Cpu_INT_NMIInterrupt
                0x00002a08       0x1c ./Generated_Code/Cpu.o
                0x00002a08                Cpu_INT_NMIInterrupt
 .text.EInt1_Init
                0x00002a24       0xcc ./Generated_Code/EInt1.o
                0x00002a24                EInt1_Init
 .text.EInt1_Interrupt
                0x00002af0       0x48 ./Generated_Code/EInt1.o
                0x00002af0                EInt1_Interrupt
 .text.EInt2_Init
                0x00002b38       0xcc ./Generated_Code/EInt2.o
                0x00002b38                EInt2_Init
 .text.EInt2_Interrupt
                0x00002c04       0x48 ./Generated_Code/EInt2.o
                0x00002c04                EInt2_Interrupt
 .text.disk_initialize
                0x00002c4c       0x28 ./Generated_Code/FAT1.o
                0x00002c4c                disk_initialize
 .text.disk_status
                0x00002c74       0x28 ./Generated_Code/FAT1.o
                0x00002c74                disk_status
 .text.disk_read
                0x00002c9c       0x34 ./Generated_Code/FAT1.o
                0x00002c9c                disk_read
 .text.disk_write
                0x00002cd0       0x34 ./Generated_Code/FAT1.o
                0x00002cd0                disk_write
 .text.disk_ioctl
                0x00002d04       0x34 ./Generated_Code/FAT1.o
                0x00002d04                disk_ioctl
 .text.FAT1_Init
                0x00002d38       0x24 ./Generated_Code/FAT1.o
                0x00002d38                FAT1_Init
 .text.FAT1_get_fattime
                0x00002d5c       0x60 ./Generated_Code/FAT1.o
                0x00002d5c                FAT1_get_fattime
 .text.FX1_RECONFIGURE_RANGE
                0x00002dbc       0x24 ./Generated_Code/FX1.o
                0x00002dbc                FX1_RECONFIGURE_RANGE
 .text.FX1_MeasureGetRawX
                0x00002de0       0x3c ./Generated_Code/FX1.o
                0x00002de0                FX1_MeasureGetRawX
 .text.FX1_MeasureGetRawY
                0x00002e1c       0x3c ./Generated_Code/FX1.o
                0x00002e1c                FX1_MeasureGetRawY
 .text.FX1_MeasureGetRawZ
                0x00002e58       0x3c ./Generated_Code/FX1.o
                0x00002e58                FX1_MeasureGetRawZ
 .text.FX1_GetX
                0x00002e94       0x34 ./Generated_Code/FX1.o
                0x00002e94                FX1_GetX
 .text.FX1_GetY
                0x00002ec8       0x34 ./Generated_Code/FX1.o
                0x00002ec8                FX1_GetY
 .text.FX1_GetZ
                0x00002efc       0x34 ./Generated_Code/FX1.o
                0x00002efc                FX1_GetZ
 .text.FX1_Enable
                0x00002f30       0x54 ./Generated_Code/FX1.o
                0x00002f30                FX1_Enable
 .text.GI2C1_SelectSlave
                0x00002f84       0x38 ./Generated_Code/GI2C1.o
                0x00002f84                GI2C1_SelectSlave
 .text.GI2C1_UnselectSlave
                0x00002fbc       0x10 ./Generated_Code/GI2C1.o
                0x00002fbc                GI2C1_UnselectSlave
 .text.GI2C1_ReadAddress
                0x00002fcc       0xc4 ./Generated_Code/GI2C1.o
                0x00002fcc                GI2C1_ReadAddress
 .text.GI2C1_WriteAddress
                0x00003090       0xfc ./Generated_Code/GI2C1.o
                0x00003090                GI2C1_WriteAddress
 .text.CI2C1_OnMasterBlockSent
                0x0000318c       0x2c ./Generated_Code/GI2C1.o
                0x0000318c                CI2C1_OnMasterBlockSent
 .text.CI2C1_OnMasterBlockReceived
                0x000031b8       0x2c ./Generated_Code/GI2C1.o
                0x000031b8                CI2C1_OnMasterBlockReceived
 .text.GI2C1_Init
                0x000031e4       0x30 ./Generated_Code/GI2C1.o
                0x000031e4                GI2C1_Init
 .text.GI2C1_ReadByteAddress8
                0x00003214       0x30 ./Generated_Code/GI2C1.o
                0x00003214                GI2C1_ReadByteAddress8
 .text.GI2C1_WriteByteAddress8
                0x00003244       0x30 ./Generated_Code/GI2C1.o
                0x00003244                GI2C1_WriteByteAddress8
 .text.LED_B_Init
                0x00003274       0xa8 ./Generated_Code/LED_B.o
                0x00003274                LED_B_Init
 .text.LED_B_SetVal
                0x0000331c       0x20 ./Generated_Code/LED_B.o
                0x0000331c                LED_B_SetVal
 .text.LED_B_NegVal
                0x0000333c       0x20 ./Generated_Code/LED_B.o
                0x0000333c                LED_B_NegVal
 .text.LED_G_Init
                0x0000335c       0xa8 ./Generated_Code/LED_G.o
                0x0000335c                LED_G_Init
 .text.LED_G_SetVal
                0x00003404       0x20 ./Generated_Code/LED_G.o
                0x00003404                LED_G_SetVal
 .text.LED_G_NegVal
                0x00003424       0x20 ./Generated_Code/LED_G.o
                0x00003424                LED_G_NegVal
 .text.LED_R_Init
                0x00003444       0xa8 ./Generated_Code/LED_R.o
                0x00003444                LED_R_Init
 .text.LED_R_SetVal
                0x000034ec       0x20 ./Generated_Code/LED_R.o
                0x000034ec                LED_R_SetVal
 .text.LED_R_NegVal
                0x0000350c       0x20 ./Generated_Code/LED_R.o
                0x0000350c                LED_R_NegVal
 .text.SD1_disk_initialize
                0x0000352c      0x170 ./Generated_Code/SD1.o
                0x0000352c                SD1_disk_initialize
 .text.SD1_disk_status
                0x0000369c       0x24 ./Generated_Code/SD1.o
                0x0000369c                SD1_disk_status
 .text.SD1_disk_read
                0x000036c0       0xc4 ./Generated_Code/SD1.o
                0x000036c0                SD1_disk_read
 .text.SD1_disk_write
                0x00003784      0x108 ./Generated_Code/SD1.o
                0x00003784                SD1_disk_write
 .text.chk_power
                0x0000388c       0x10 ./Generated_Code/SD1.o
 .text.power_off
                0x0000389c        0xc ./Generated_Code/SD1.o
 .text.power_on
                0x000038a8        0xc ./Generated_Code/SD1.o
 .text.SD1_disk_ioctl
                0x000038b4      0x400 ./Generated_Code/SD1.o
                0x000038b4                SD1_disk_ioctl
 .text.SD1_SPI_WRITE
                0x00003cb4       0x5c ./Generated_Code/SD1.o
                0x00003cb4                SD1_SPI_WRITE
 .text.SD1_SPI_WRITE_BLOCK
                0x00003d10       0x88 ./Generated_Code/SD1.o
 .text.SD1_SPI_WRITE_READ
                0x00003d98       0x5c ./Generated_Code/SD1.o
 .text.SD1_SPI_WRITE_READ_BLOCK
                0x00003df4       0x60 ./Generated_Code/SD1.o
 .text.SD1_Activate
                0x00003e54       0x18 ./Generated_Code/SD1.o
                0x00003e54                SD1_Activate
 .text.SD1_Deactivate
                0x00003e6c       0x18 ./Generated_Code/SD1.o
                0x00003e6c                SD1_Deactivate
 .text.SD1_WaitReady
                0x00003e84       0x60 ./Generated_Code/SD1.o
                0x00003e84                SD1_WaitReady
 .text.SD1_ReceiveDataBlock
                0x00003ee4       0xd4 ./Generated_Code/SD1.o
                0x00003ee4                SD1_ReceiveDataBlock
 .text.SD1_SendDataBlock
                0x00003fb8       0x78 ./Generated_Code/SD1.o
                0x00003fb8                SD1_SendDataBlock
 .text.SD1_SendCmd
                0x00004030      0x100 ./Generated_Code/SD1.o
                0x00004030                SD1_SendCmd
 .text.SendCommand
                0x00004130       0x88 ./Generated_Code/SD1.o
 .text.SD1_Init
                0x000041b8       0xd0 ./Generated_Code/SD1.o
                0x000041b8                SD1_Init
 .text.SD1_ReceiveByte
                0x00004288       0x24 ./Generated_Code/SD1.o
                0x00004288                SD1_ReceiveByte
 .text.SD1_SetFastMode
                0x000042ac       0x1c ./Generated_Code/SD1.o
                0x000042ac                SD1_SetFastMode
 .text.SM1_OnBlockReceived
                0x000042c8       0x20 ./Generated_Code/SD1.o
                0x000042c8                SM1_OnBlockReceived
 .text.SM1_Init
                0x000042e8      0x1a8 ./Generated_Code/SM1.o
                0x000042e8                SM1_Init
 .text.SM1_ReceiveBlock
                0x00004490       0xa0 ./Generated_Code/SM1.o
                0x00004490                SM1_ReceiveBlock
 .text.SM1_SendBlock
                0x00004530       0xb8 ./Generated_Code/SM1.o
                0x00004530                SM1_SendBlock
 .text.SM1_SelectConfiguration
                0x000045e8       0xac ./Generated_Code/SM1.o
                0x000045e8                SM1_SelectConfiguration
 .text.SM1_Interrupt
                0x00004694      0x13c ./Generated_Code/SM1.o
                0x00004694                SM1_Interrupt
 .text.SS1_Init
                0x000047d0       0xa8 ./Generated_Code/SS1.o
                0x000047d0                SS1_Init
 .text.SS1_ClrVal
                0x00004878       0x20 ./Generated_Code/SS1.o
                0x00004878                SS1_ClrVal
 .text.SS1_SetVal
                0x00004898       0x20 ./Generated_Code/SS1.o
                0x00004898                SS1_SetVal
 .text.TimerIntLdd1_OnInterrupt
                0x000048b8       0x14 ./Generated_Code/TI1.o
                0x000048b8                TimerIntLdd1_OnInterrupt
 .text.TimerIntLdd2_OnInterrupt
                0x000048cc       0x14 ./Generated_Code/TI2.o
                0x000048cc                TimerIntLdd2_OnInterrupt
 .text.TMOUT1_GetCounter
                0x000048e0       0x84 ./Generated_Code/TMOUT1.o
                0x000048e0                TMOUT1_GetCounter
 .text.TMOUT1_LeaveCounter
                0x00004964       0x48 ./Generated_Code/TMOUT1.o
                0x00004964                TMOUT1_LeaveCounter
 .text.TMOUT1_CounterExpired
                0x000049ac       0x4c ./Generated_Code/TMOUT1.o
                0x000049ac                TMOUT1_CounterExpired
 .text.TMOUT1_Init
                0x000049f8       0x40 ./Generated_Code/TMOUT1.o
                0x000049f8                TMOUT1_Init
 .text.TU1_Init
                0x00004a38      0x174 ./Generated_Code/TU1.o
                0x00004a38                TU1_Init
 .text.TU1_Interrupt
                0x00004bac       0x7c ./Generated_Code/TU1.o
                0x00004bac                TU1_Interrupt
 .text.TU2_Init
                0x00004c28      0x128 ./Generated_Code/TU2.o
                0x00004c28                TU2_Init
 .text.TU2_Interrupt
                0x00004d50       0x7c ./Generated_Code/TU2.o
                0x00004d50                TU2_Interrupt
 .text.TimerIntLdd1_Init
                0x00004dcc       0x58 ./Generated_Code/TimerIntLdd1.o
                0x00004dcc                TimerIntLdd1_Init
 .text.TU1_OnCounterRestart
                0x00004e24       0x24 ./Generated_Code/TimerIntLdd1.o
                0x00004e24                TU1_OnCounterRestart
 .text.TimerIntLdd2_Init
                0x00004e48       0x58 ./Generated_Code/TimerIntLdd2.o
                0x00004e48                TimerIntLdd2_Init
 .text.TU2_OnCounterRestart
                0x00004ea0       0x24 ./Generated_Code/TimerIntLdd2.o
                0x00004ea0                TU2_OnCounterRestart
 .text.TmDt1_SetTime
                0x00004ec4       0x78 ./Generated_Code/TmDt1.o
                0x00004ec4                TmDt1_SetTime
 .text.TmDt1_GetTime
                0x00004f3c       0xec ./Generated_Code/TmDt1.o
                0x00004f3c                TmDt1_GetTime
 .text.TmDt1_SetDate
                0x00005028       0xb4 ./Generated_Code/TmDt1.o
                0x00005028                TmDt1_SetDate
 .text.TmDt1_GetDate
                0x000050dc       0x50 ./Generated_Code/TmDt1.o
                0x000050dc                TmDt1_GetDate
 .text.TmDt1_Init
                0x0000512c       0x20 ./Generated_Code/TmDt1.o
                0x0000512c                TmDt1_Init
 .text.UTIL1_strcpy
                0x0000514c       0x48 ./Generated_Code/UTIL1.o
                0x0000514c                UTIL1_strcpy
 .text.UTIL1_strcat
                0x00005194       0x64 ./Generated_Code/UTIL1.o
                0x00005194                UTIL1_strcat
 .text.UTIL1_chcat
                0x000051f8       0x50 ./Generated_Code/UTIL1.o
                0x000051f8                UTIL1_chcat
 .text.UTIL1_Num8uToStr
                0x00005248       0x24 ./Generated_Code/UTIL1.o
                0x00005248                UTIL1_Num8uToStr
 .text.UTIL1_Num16uToStr
                0x0000526c       0xf0 ./Generated_Code/UTIL1.o
                0x0000526c                UTIL1_Num16uToStr
 .text.UTIL1_Num16sToStr
                0x0000535c      0x14c ./Generated_Code/UTIL1.o
                0x0000535c                UTIL1_Num16sToStr
 .text.UTIL1_strcatNum8u
                0x000054a8       0x34 ./Generated_Code/UTIL1.o
                0x000054a8                UTIL1_strcatNum8u
 .text.UTIL1_strcatNum16s
                0x000054dc       0x34 ./Generated_Code/UTIL1.o
                0x000054dc                UTIL1_strcatNum16s
 .text.WAIT1_Wait10Cycles
                0x00005510        0x8 ./Generated_Code/WAIT1.o
                0x00005510                WAIT1_Wait10Cycles
 .text.WAIT1_Wait100Cycles
                0x00005518       0x1c ./Generated_Code/WAIT1.o
                0x00005518                WAIT1_Wait100Cycles
 .text.WAIT1_WaitCycles
                0x00005534       0x34 ./Generated_Code/WAIT1.o
                0x00005534                WAIT1_WaitCycles
 .text.WAIT1_WaitLongCycles
                0x00005568       0x38 ./Generated_Code/WAIT1.o
                0x00005568                WAIT1_WaitLongCycles
 .text.WAIT1_Waitms
                0x000055a0       0x30 ./Generated_Code/WAIT1.o
                0x000055a0                WAIT1_Waitms
 .text.mem_cpy  0x000055d0       0x3c ./Generated_Code/ff.o
 .text.mem_set  0x0000560c       0x34 ./Generated_Code/ff.o
 .text.mem_cmp  0x00005640       0x50 ./Generated_Code/ff.o
 .text.chk_chr  0x00005690       0x38 ./Generated_Code/ff.o
 .text.sync_window
                0x000056c8       0x8c ./Generated_Code/ff.o
 .text.move_window
                0x00005754       0x5c ./Generated_Code/ff.o
 .text.sync_fs  0x000057b0      0x14c ./Generated_Code/ff.o
 .text.clust2sect
                0x000058fc       0x3c ./Generated_Code/ff.o
                0x000058fc                clust2sect
 .text.get_fat  0x00005938      0x168 ./Generated_Code/ff.o
                0x00005938                get_fat
 .text.put_fat  0x00005aa0      0x208 ./Generated_Code/ff.o
                0x00005aa0                put_fat
 .text.remove_chain
                0x00005ca8       0xa4 ./Generated_Code/ff.o
 .text.create_chain
                0x00005d4c      0x12c ./Generated_Code/ff.o
 .text.clmt_clust
                0x00005e78       0x68 ./Generated_Code/ff.o
 .text.dir_sdi  0x00005ee0      0x100 ./Generated_Code/ff.o
 .text.dir_next
                0x00005fe0      0x1a8 ./Generated_Code/ff.o
 .text.dir_alloc
                0x00006188       0x8c ./Generated_Code/ff.o
 .text.ld_clust
                0x00006214       0x58 ./Generated_Code/ff.o
 .text.st_clust
                0x0000626c       0x4c ./Generated_Code/ff.o
 .text.dir_find
                0x000062b8       0x94 ./Generated_Code/ff.o
 .text.dir_register
                0x0000634c       0x68 ./Generated_Code/ff.o
 .text.create_name
                0x000063b4      0x1fc ./Generated_Code/ff.o
 .text.follow_path
                0x000065b0      0x108 ./Generated_Code/ff.o
 .text.get_ldnumber
                0x000066b8       0x90 ./Generated_Code/ff.o
 .text.check_fs
                0x00006748       0xcc ./Generated_Code/ff.o
 .text.find_volume
                0x00006814      0x574 ./Generated_Code/ff.o
 .text.validate
                0x00006d88       0x5c ./Generated_Code/ff.o
 .text.f_mount  0x00006de4       0x90 ./Generated_Code/ff.o
                0x00006de4                f_mount
 .text.f_open   0x00006e74      0x28c ./Generated_Code/ff.o
                0x00006e74                f_open
 .text.f_write  0x00007100      0x2f8 ./Generated_Code/ff.o
                0x00007100                f_write
 .text.f_sync   0x000073f8      0x158 ./Generated_Code/ff.o
                0x000073f8                f_sync
 .text.f_close  0x00007550       0x38 ./Generated_Code/ff.o
                0x00007550                f_close
 .text.f_lseek  0x00007588      0x434 ./Generated_Code/ff.o
                0x00007588                f_lseek
 .text.malloc   0x000079bc       0x10 c:/freescale/kds_2.0.0/toolchain/bin/../lib/gcc/arm-none-eabi/4.8.0/../../../../arm-none-eabi/lib/m4/fp/v4-sp-d16\libg_s.a(lib_a-malloc.o)
                0x000079bc                malloc
 .text._malloc_r
                0x000079cc       0x98 c:/freescale/kds_2.0.0/toolchain/bin/../lib/gcc/arm-none-eabi/4.8.0/../../../../arm-none-eabi/lib/m4/fp/v4-sp-d16\libg_s.a(lib_a-mallocr.o)
                0x000079cc                _malloc_r
 .text.memset   0x00007a64       0x10 c:/freescale/kds_2.0.0/toolchain/bin/../lib/gcc/arm-none-eabi/4.8.0/../../../../arm-none-eabi/lib/m4/fp/v4-sp-d16\libg_s.a(lib_a-memset.o)
                0x00007a64                memset
 .text._sbrk_r  0x00007a74       0x20 c:/freescale/kds_2.0.0/toolchain/bin/../lib/gcc/arm-none-eabi/4.8.0/../../../../arm-none-eabi/lib/m4/fp/v4-sp-d16\libg_s.a(lib_a-sbrkr.o)
                0x00007a74                _sbrk_r
 .text.sprintf  0x00007a94       0x48 c:/freescale/kds_2.0.0/toolchain/bin/../lib/gcc/arm-none-eabi/4.8.0/../../../../arm-none-eabi/lib/m4/fp/v4-sp-d16\libg_s.a(lib_a-sprintf.o)
                0x00007a94                siprintf
                0x00007a94                sprintf
 .text.strlen   0x00007adc       0x10 c:/freescale/kds_2.0.0/toolchain/bin/../lib/gcc/arm-none-eabi/4.8.0/../../../../arm-none-eabi/lib/m4/fp/v4-sp-d16\libg_s.a(lib_a-strlen.o)
                0x00007adc                strlen
 .text.__ssputc_r
                0x00007aec       0xac c:/freescale/kds_2.0.0/toolchain/bin/../lib/gcc/arm-none-eabi/4.8.0/../../../../arm-none-eabi/lib/m4/fp/v4-sp-d16\libg_s.a(lib_a-svfprintf.o)
                0x00007aec                __ssputc_r
 .text._svfprintf_r
                0x00007b98      0x1f0 c:/freescale/kds_2.0.0/toolchain/bin/../lib/gcc/arm-none-eabi/4.8.0/../../../../arm-none-eabi/lib/m4/fp/v4-sp-d16\libg_s.a(lib_a-svfprintf.o)
                0x00007b98                _svfiprintf_r
                0x00007b98                _svfprintf_r
 .text._sbrk    0x00007d88       0x38 c:/freescale/kds_2.0.0/toolchain/bin/../lib/gcc/arm-none-eabi/4.8.0/../../../../arm-none-eabi/lib/m4/fp/v4-sp-d16\libg_s.a(lib_a-syscalls.o)
                0x00007d88                _sbrk
 .text._printf_common
                0x00007dc0       0xe2 c:/freescale/kds_2.0.0/toolchain/bin/../lib/gcc/arm-none-eabi/4.8.0/../../../../arm-none-eabi/lib/m4/fp/v4-sp-d16\libg_s.a(lib_a-vfprintf_i.o)
                0x00007dc0                _printf_common
 *fill*         0x00007ea2        0x2 
 .text._printf_i
                0x00007ea4      0x22c c:/freescale/kds_2.0.0/toolchain/bin/../lib/gcc/arm-none-eabi/4.8.0/../../../../arm-none-eabi/lib/m4/fp/v4-sp-d16\libg_s.a(lib_a-vfprintf_i.o)
                0x00007ea4                _printf_i
 .text.__errno  0x000080d0        0xc c:/freescale/kds_2.0.0/toolchain/bin/../lib/gcc/arm-none-eabi/4.8.0/../../../../arm-none-eabi/lib/m4/fp/v4-sp-d16\libg_s.a(lib_a-errno.o)
                0x000080d0                __errno
 .text._free_r  0x000080dc       0x88 c:/freescale/kds_2.0.0/toolchain/bin/../lib/gcc/arm-none-eabi/4.8.0/../../../../arm-none-eabi/lib/m4/fp/v4-sp-d16\libg_s.a(lib_a-freer.o)
                0x000080dc                _free_r
 .text.memchr   0x00008164       0x1e c:/freescale/kds_2.0.0/toolchain/bin/../lib/gcc/arm-none-eabi/4.8.0/../../../../arm-none-eabi/lib/m4/fp/v4-sp-d16\libg_s.a(lib_a-memchr.o)
                0x00008164                memchr
 .text.memcpy   0x00008182       0x12 c:/freescale/kds_2.0.0/toolchain/bin/../lib/gcc/arm-none-eabi/4.8.0/../../../../arm-none-eabi/lib/m4/fp/v4-sp-d16\libg_s.a(lib_a-memcpy.o)
                0x00008182                memcpy
 .text._realloc_r
                0x00008194       0x4c c:/freescale/kds_2.0.0/toolchain/bin/../lib/gcc/arm-none-eabi/4.8.0/../../../../arm-none-eabi/lib/m4/fp/v4-sp-d16\libg_s.a(lib_a-reallocr.o)
                0x00008194                _realloc_r
 .text._malloc_usable_size_r
                0x000081e0       0x12 c:/freescale/kds_2.0.0/toolchain/bin/../lib/gcc/arm-none-eabi/4.8.0/../../../../arm-none-eabi/lib/m4/fp/v4-sp-d16\libg_s.a(lib_a-msizer.o)
                0x000081e0                _malloc_usable_size_r
 *(.rodata)
 *fill*         0x000081f2        0x2 
 .rodata        0x000081f4       0x10 ./Sources/Application.o
 .rodata        0x00008204        0x4 ./Sources/main.o
 .rodata        0x00008208       0x18 ./Generated_Code/UTIL1.o
 .rodata        0x00008220       0x44 ./Generated_Code/ff.o
 *(.rodata*)
 .rodata.ClockGenModeMatrix
                0x00008264       0x80 ./Generated_Code/System/CPU_Init.o
 .rodata.CPU_ClockConfigDescriptors
                0x000082e4       0x1c ./Generated_Code/System/CPU_Init.o
 .rodata.CPU_DefaultFEI
                0x00008300        0x8 ./Generated_Code/System/CPU_Init.o
 .rodata.CPU_DefaultFBI
                0x00008308        0x8 ./Generated_Code/System/CPU_Init.o
 .rodata.CPU_DefaultBLPI
                0x00008310        0x8 ./Generated_Code/System/CPU_Init.o
 .rodata.CPU_DefaultFEE
                0x00008318        0x8 ./Generated_Code/System/CPU_Init.o
 .rodata.CPU_DefaultFBE
                0x00008320        0x8 ./Generated_Code/System/CPU_Init.o
 .rodata.CPU_DefaultBLPE
                0x00008328        0x8 ./Generated_Code/System/CPU_Init.o
 .rodata.CPU_DefaultPBE
                0x00008330        0x8 ./Generated_Code/System/CPU_Init.o
 .rodata.CPU_DefaultPEE
                0x00008338        0x8 ./Generated_Code/System/CPU_Init.o
 .rodata.CPU_ClockGenModeRegs
                0x00008340       0x20 ./Generated_Code/System/CPU_Init.o
 .rodata.addr.6467
                0x00008360        0x1 ./Generated_Code/FX1.o
 .rodata.addr.6475
                0x00008361        0x1 ./Generated_Code/FX1.o
 .rodata.addr.6483
                0x00008362        0x1 ./Generated_Code/FX1.o
 *fill*         0x00008363        0x1 
 .rodata.dummyArr
                0x00008364      0x200 ./Generated_Code/SD1.o
 .rodata.ConfigurationSet
                0x00008564        0x8 ./Generated_Code/SM1.o
 .rodata.TxCommandList
                0x0000856c        0x8 ./Generated_Code/SM1.o
 .rodata.ULY    0x00008574        0xc ./Generated_Code/TmDt1.o
 .rodata.LY     0x00008580        0xc ./Generated_Code/TmDt1.o
 .rodata.ExCvt  0x0000858c       0x80 ./Generated_Code/ff.o
 .rodata.str1.1
                0x0000860c        0x2 c:/freescale/kds_2.0.0/toolchain/bin/../lib/gcc/arm-none-eabi/4.8.0/../../../../arm-none-eabi/lib/m4/fp/v4-sp-d16\libg_s.a(lib_a-impure.o)
 .rodata.str1.1
                0x0000860e       0x11 c:/freescale/kds_2.0.0/toolchain/bin/../lib/gcc/arm-none-eabi/4.8.0/../../../../arm-none-eabi/lib/m4/fp/v4-sp-d16\libg_s.a(lib_a-svfprintf.o)
 .rodata.str1.1
                0x0000861f       0x22 c:/freescale/kds_2.0.0/toolchain/bin/../lib/gcc/arm-none-eabi/4.8.0/../../../../arm-none-eabi/lib/m4/fp/v4-sp-d16\libg_s.a(lib_a-vfprintf_i.o)
 *(.glue_7)
 .glue_7        0x00000000        0x0 linker stubs
 *(.glue_7t)
 .glue_7t       0x00000000        0x0 linker stubs
 *(.eh_frame)
 *fill*         0x00008641        0x3 
 .eh_frame      0x00008644        0x0 c:/freescale/kds_2.0.0/toolchain/bin/../lib/gcc/arm-none-eabi/4.8.0/m4/fp/v4-sp-d16/crtbegin.o
 *(.init)
 .init          0x00008644        0x4 c:/freescale/kds_2.0.0/toolchain/bin/../lib/gcc/arm-none-eabi/4.8.0/m4/fp/v4-sp-d16/crti.o
                0x00008644                _init
 .init          0x00008648        0x8 c:/freescale/kds_2.0.0/toolchain/bin/../lib/gcc/arm-none-eabi/4.8.0/m4/fp/v4-sp-d16/crtn.o
 *(.fini)
 .fini          0x00008650        0x4 c:/freescale/kds_2.0.0/toolchain/bin/../lib/gcc/arm-none-eabi/4.8.0/m4/fp/v4-sp-d16/crti.o
                0x00008650                _fini
 .fini          0x00008654        0x8 c:/freescale/kds_2.0.0/toolchain/bin/../lib/gcc/arm-none-eabi/4.8.0/m4/fp/v4-sp-d16/crtn.o
                0x0000865c                . = ALIGN (0x4)
                0x0000865c                _etext = .

.vfp11_veneer   0x0000865c        0x0
 .vfp11_veneer  0x00000000        0x0 linker stubs

.v4_bx          0x0000865c        0x0
 .v4_bx         0x00000000        0x0 linker stubs

.iplt           0x0000865c        0x0
 .iplt          0x00000000        0x0 c:/freescale/kds_2.0.0/toolchain/bin/../lib/gcc/arm-none-eabi/4.8.0/m4/fp/v4-sp-d16/crtbegin.o

.rel.dyn        0x0000865c        0x0
 .rel.iplt      0x00000000        0x0 c:/freescale/kds_2.0.0/toolchain/bin/../lib/gcc/arm-none-eabi/4.8.0/m4/fp/v4-sp-d16/crtbegin.o

.ARM.extab
 *(.ARM.extab* .gnu.linkonce.armextab.*)

.ARM            0x0000865c        0x0
                0x0000865c                __exidx_start = .
 *(.ARM.exidx*)
                0x0000865c                __exidx_end = .

.ctors          0x0000865c        0x0
                0x0000865c                __CTOR_LIST__ = .
 *crtbegin.o(.ctors)
 *(EXCLUDE_FILE(*crtend.o) .ctors)
 *(SORT(.ctors.*))
 *(.ctors)
                0x0000865c                __CTOR_END__ = .

.dtors          0x0000865c        0x0
                0x0000865c                __DTOR_LIST__ = .
 *crtbegin.o(.dtors)
 *(EXCLUDE_FILE(*crtend.o) .dtors)
 *(SORT(.dtors.*))
 *(.dtors)
                0x0000865c                __DTOR_END__ = .

.preinit_array  0x0000865c        0x0
                0x0000865c                PROVIDE (__preinit_array_start, .)
 *(.preinit_array*)
                0x0000865c                PROVIDE (__preinit_array_end, .)

.init_array     0x0000865c        0x4
                0x0000865c                PROVIDE (__init_array_start, .)
 *(SORT(.init_array.*))
 *(.init_array*)
 .init_array    0x0000865c        0x4 c:/freescale/kds_2.0.0/toolchain/bin/../lib/gcc/arm-none-eabi/4.8.0/m4/fp/v4-sp-d16/crtbegin.o
                0x00008660                PROVIDE (__init_array_end, .)

.fini_array     0x00008660        0x4
                0x00008660                PROVIDE (__fini_array_start, .)
 *(SORT(.fini_array.*))
 *(.fini_array*)
 .fini_array    0x00008660        0x4 c:/freescale/kds_2.0.0/toolchain/bin/../lib/gcc/arm-none-eabi/4.8.0/m4/fp/v4-sp-d16/crtbegin.o
                0x00008664                PROVIDE (__fini_array_end, .)
                0x00008664                ___ROM_AT = .

.data           0x20000000      0x2a4 load address 0x00008664
                0x20000000                . = ALIGN (0x4)
                0x20000000                _sdata = .
 *(.data)
 *(.data*)
 .data.Stat     0x20000000        0x1 ./Generated_Code/SD1.o
 .data.CardType
                0x20000001        0x1 ./Generated_Code/SD1.o
 *fill*         0x20000002        0x6 
 .data.impure_data
                0x20000008      0x298 c:/freescale/kds_2.0.0/toolchain/bin/../lib/gcc/arm-none-eabi/4.8.0/../../../../arm-none-eabi/lib/m4/fp/v4-sp-d16\libg_s.a(lib_a-impure.o)
 .data._impure_ptr
                0x200002a0        0x4 c:/freescale/kds_2.0.0/toolchain/bin/../lib/gcc/arm-none-eabi/4.8.0/../../../../arm-none-eabi/lib/m4/fp/v4-sp-d16\libg_s.a(lib_a-impure.o)
                0x200002a0                _impure_ptr
                0x200002a4                . = ALIGN (0x4)
                0x200002a4                _edata = .
                0x000002a4                ___data_size = (_edata - _sdata)
                0x00008908                ___m_data_1FFF0000_ROMStart = (___ROM_AT + SIZEOF (.data))

.jcr            0x200002a4        0x0 load address 0x00008908
 .jcr           0x200002a4        0x0 c:/freescale/kds_2.0.0/toolchain/bin/../lib/gcc/arm-none-eabi/4.8.0/m4/fp/v4-sp-d16/crtbegin.o

.tm_clone_table
                0x200002a4        0x0 load address 0x00008908
 .tm_clone_table
                0x200002a4        0x0 c:/freescale/kds_2.0.0/toolchain/bin/../lib/gcc/arm-none-eabi/4.8.0/m4/fp/v4-sp-d16/crtbegin.o
 .tm_clone_table
                0x200002a4        0x0 c:/freescale/kds_2.0.0/toolchain/bin/../lib/gcc/arm-none-eabi/4.8.0/m4/fp/v4-sp-d16/crtend.o

.igot.plt       0x200002a4        0x0 load address 0x00008908
 .igot.plt      0x00000000        0x0 c:/freescale/kds_2.0.0/toolchain/bin/../lib/gcc/arm-none-eabi/4.8.0/m4/fp/v4-sp-d16/crtbegin.o

.m_data_1FFF0000
                0x1fff0000        0x0 load address 0x00008908
                0x1fff0000                . = ALIGN (0x4)
                0x1fff0000                ___m_data_1FFF0000_RAMStart = .
 *(.m_data_1FFF0000)
                0x1fff0000                ___m_data_1FFF0000_RAMEnd = .
                0x1fff0000                . = ALIGN (0x4)
                0x00000000                ___m_data_1FFF0000_ROMSize = (___m_data_1FFF0000_RAMEnd - ___m_data_1FFF0000_RAMStart)
                0x1fff0000                . = ALIGN (0x4)

.bss            0x200002a4    0x25e1c load address 0x00008908
                0x200002a4                __START_BSS = .
                0x200002a4                PROVIDE (__bss_start__, __START_BSS)
 *(.bss)
 *(.bss*)
 .bss.completed.6137
                0x200002a4        0x1 c:/freescale/kds_2.0.0/toolchain/bin/../lib/gcc/arm-none-eabi/4.8.0/m4/fp/v4-sp-d16/crtbegin.o
 *fill*         0x200002a5        0x3 
 .bss.object.6142
                0x200002a8       0x18 c:/freescale/kds_2.0.0/toolchain/bin/../lib/gcc/arm-none-eabi/4.8.0/m4/fp/v4-sp-d16/crtbegin.o
 .bss.fp        0x200002c0      0x228 ./Sources/Application.o
 .bss.write_buf
                0x200004e8       0x30 ./Sources/Application.o
 .bss.swPressCount
                0x20000518        0x4 ./Sources/Events.o
                0x20000518                swPressCount
 .bss.isCollecting
                0x2000051c        0x4 ./Sources/Events.o
                0x2000051c                isCollecting
 .bss.itrCount  0x20000520        0x4 ./Sources/Events.o
                0x20000520                itrCount
 .bss.current_mode
                0x20000524        0x4 ./Sources/Events.o
                0x20000524                current_mode
 .bss.Red_Ptr   0x20000528        0x4 ./Sources/LEDController.o
 .bss.Green_Ptr
                0x2000052c        0x4 ./Sources/LEDController.o
 .bss.Blue_Ptr  0x20000530        0x4 ./Sources/LEDController.o
 .bss.fileSystemObject.7421
                0x20000534      0x234 ./Sources/main.o
 .bss.argv      0x20000768       0x28 ./Project_Settings/Startup_Code/startup.o
 .bss.SR_lock   0x20000790        0x1 ./Generated_Code/System/CPU_Init.o
                0x20000790                SR_lock
 *fill*         0x20000791        0x3 
 .bss.DeviceDataPrv__DEFAULT_RTOS_ALLOC
                0x20000794        0x4 ./Generated_Code/CD1.o
 .bss.DeviceDataPrv__DEFAULT_RTOS_ALLOC
                0x20000798       0x18 ./Generated_Code/CI2C1.o
 .bss.INT_I2C0__DEFAULT_RTOS_ISRPARAM
                0x200007b0        0x4 ./Generated_Code/CI2C1.o
 .bss.DeviceDataPrv__DEFAULT_RTOS_ALLOC
                0x200007b4        0x4 ./Generated_Code/EInt1.o
 .bss.INT_PORTC__DEFAULT_RTOS_ISRPARAM
                0x200007b8        0x4 ./Generated_Code/EInt1.o
 .bss.DeviceDataPrv__DEFAULT_RTOS_ALLOC
                0x200007bc        0x4 ./Generated_Code/EInt2.o
 .bss.INT_PORTA__DEFAULT_RTOS_ISRPARAM
                0x200007c0        0x4 ./Generated_Code/EInt2.o
 .bss.sCalValues
                0x200007c4        0x8 ./Generated_Code/FX1.o
 .bss.GI2C1_deviceData
                0x200007cc        0x8 ./Generated_Code/GI2C1.o
 .bss.writeBuf.6390
                0x200007d4       0x10 ./Generated_Code/GI2C1.o
 .bss.DeviceDataPrv__DEFAULT_RTOS_ALLOC
                0x200007e4        0x4 ./Generated_Code/LED_B.o
 .bss.DeviceDataPrv__DEFAULT_RTOS_ALLOC
                0x200007e8        0x4 ./Generated_Code/LED_G.o
 .bss.DeviceDataPrv__DEFAULT_RTOS_ALLOC
                0x200007ec        0x4 ./Generated_Code/LED_R.o
 .bss.PE_LDD_DeviceDataList
                0x200007f0       0x34 ./Generated_Code/PE_LDD.o
                0x200007f0                PE_LDD_DeviceDataList
 .bss.SD1_DataReceivedFlag
                0x20000824        0x1 ./Generated_Code/SD1.o
 *fill*         0x20000825        0x3 
 .bss.DeviceDataPrv__DEFAULT_RTOS_ALLOC
                0x20000828       0x20 ./Generated_Code/SM1.o
 .bss.INT_SPI1__DEFAULT_RTOS_ISRPARAM
                0x20000848        0x4 ./Generated_Code/SM1.o
 .bss.DeviceDataPrv__DEFAULT_RTOS_ALLOC
                0x2000084c        0x4 ./Generated_Code/SS1.o
 .bss.TMOUT1_Counters
                0x20000850        0x4 ./Generated_Code/TMOUT1.o
 .bss.TMOUT1_FreeCounters
                0x20000854        0x4 ./Generated_Code/TMOUT1.o
 .bss.DeviceDataPrv__DEFAULT_RTOS_ALLOC
                0x20000858        0xc ./Generated_Code/TU1.o
 .bss.INT_FTM0__DEFAULT_RTOS_ISRPARAM
                0x20000864        0x4 ./Generated_Code/TU1.o
 .bss.DeviceDataPrv__DEFAULT_RTOS_ALLOC
                0x20000868        0xc ./Generated_Code/TU2.o
 .bss.INT_FTM1__DEFAULT_RTOS_ISRPARAM
                0x20000874        0x4 ./Generated_Code/TU2.o
 .bss.DeviceDataPrv__DEFAULT_RTOS_ALLOC
                0x20000878        0xc ./Generated_Code/TimerIntLdd1.o
 .bss.DeviceDataPrv__DEFAULT_RTOS_ALLOC
                0x20000884        0xc ./Generated_Code/TimerIntLdd2.o
 .bss.CntDay    0x20000890        0x1 ./Generated_Code/TmDt1.o
 .bss.CntMonth  0x20000891        0x1 ./Generated_Code/TmDt1.o
 .bss.CntYear   0x20000892        0x2 ./Generated_Code/TmDt1.o
 .bss.tickCntr  0x20000894        0x4 ./Generated_Code/TmDt1.o
 .bss.FatFs     0x20000898        0x4 ./Generated_Code/ff.o
 .bss.Fsid      0x2000089c        0x2 ./Generated_Code/ff.o
 *fill*         0x2000089e        0x2 
 .bss.__malloc_free_list
                0x200008a0        0x4 c:/freescale/kds_2.0.0/toolchain/bin/../lib/gcc/arm-none-eabi/4.8.0/../../../../arm-none-eabi/lib/m4/fp/v4-sp-d16\libg_s.a(lib_a-mallocr.o)
                0x200008a0                __malloc_free_list
 .bss.heap_end.5175
                0x200008a4        0x4 c:/freescale/kds_2.0.0/toolchain/bin/../lib/gcc/arm-none-eabi/4.8.0/../../../../arm-none-eabi/lib/m4/fp/v4-sp-d16\libg_s.a(lib_a-syscalls.o)
 *(COMMON)
 COMMON         0x200008a8    0x25806 ./Sources/SDBuffer.o
                0x200008a8                me
 *fill*         0x200260ae        0x2 
 COMMON         0x200260b0        0xa ./Sources/TimeKeep.o
                0x200260b0                currentTime
 COMMON         0x200260ba        0x1 ./Generated_Code/System/CPU_Init.o
                0x200260ba                SR_reg
 *fill*         0x200260bb        0x1 
 COMMON         0x200260bc        0x4 c:/freescale/kds_2.0.0/toolchain/bin/../lib/gcc/arm-none-eabi/4.8.0/../../../../arm-none-eabi/lib/m4/fp/v4-sp-d16\libg_s.a(lib_a-reent.o)
                0x200260bc                errno
                0x200260c0                . = ALIGN (0x4)
                0x200260c0                __END_BSS = .
                0x200260c0                PROVIDE (__bss_end__, __END_BSS)
                0x00008908                _romp_at = ((___ROM_AT + SIZEOF (.data)) + SIZEOF (.m_data_1FFF0000))

.romp           0x200260c0       0x24 load address 0x00008908
                0x00008908                __S_romp = _romp_at
                0x200260c0        0x4 LONG 0x8664 ___ROM_AT
                0x200260c4        0x4 LONG 0x20000000 _sdata
                0x200260c8        0x4 LONG 0x2a4 ___data_size
                0x200260cc        0x4 LONG 0x8908 ___m_data_1FFF0000_ROMStart
                0x200260d0        0x4 LONG 0x1fff0000 ___m_data_1FFF0000_RAMStart
                0x200260d4        0x4 LONG 0x0 ___m_data_1FFF0000_ROMSize
                0x200260d8        0x4 LONG 0x0
                0x200260dc        0x4 LONG 0x0
                0x200260e0        0x4 LONG 0x0

._user_heap_stack
                0x200260e4      0x800 load address 0x0000892c
                0x200260e4                . = ALIGN (0x4)
                0x200260e4                PROVIDE (end, .)
                0x200260e4                PROVIDE (_end, .)
                0x200260e4                __heap_addr = .
                0x200260e4                __HeapBase = .
                0x200264e4                . = (. + __heap_size)
 *fill*         0x200260e4      0x400 
                0x200264e4                __HeapLimit = .
                0x200268e4                . = (. + __stack_size)
 *fill*         0x200264e4      0x400 
                0x200268e4                . = ALIGN (0x4)

.ARM.attributes
                0x00000000       0x37
 *(.ARM.attributes)
 .ARM.attributes
                0x00000000       0x27 c:/freescale/kds_2.0.0/toolchain/bin/../lib/gcc/arm-none-eabi/4.8.0/m4/fp/v4-sp-d16/crti.o
 .ARM.attributes
                0x00000027       0x39 c:/freescale/kds_2.0.0/toolchain/bin/../lib/gcc/arm-none-eabi/4.8.0/m4/fp/v4-sp-d16/crtbegin.o
 .ARM.attributes
                0x00000060       0x39 ./Sources/Application.o
 .ARM.attributes
                0x00000099       0x39 ./Sources/Events.o
 .ARM.attributes
                0x000000d2       0x39 ./Sources/LEDController.o
 .ARM.attributes
                0x0000010b       0x39 ./Sources/SDBuffer.o
 .ARM.attributes
                0x00000144       0x39 ./Sources/TimeKeep.o
 .ARM.attributes
                0x0000017d       0x39 ./Sources/main.o
 .ARM.attributes
                0x000001b6       0x39 ./Project_Settings/Startup_Code/startup.o
 .ARM.attributes
                0x000001ef       0x39 ./Generated_Code/System/CPU_Init.o
 .ARM.attributes
                0x00000228       0x39 ./Generated_Code/System/Vectors.o
 .ARM.attributes
                0x00000261       0x39 ./Generated_Code/CD1.o
 .ARM.attributes
                0x0000029a       0x39 ./Generated_Code/CI2C1.o
 .ARM.attributes
                0x000002d3       0x39 ./Generated_Code/Cpu.o
 .ARM.attributes
                0x0000030c       0x39 ./Generated_Code/EInt1.o
 .ARM.attributes
                0x00000345       0x39 ./Generated_Code/EInt2.o
 .ARM.attributes
                0x0000037e       0x39 ./Generated_Code/FAT1.o
 .ARM.attributes
                0x000003b7       0x39 ./Generated_Code/FX1.o
 .ARM.attributes
                0x000003f0       0x39 ./Generated_Code/GI2C1.o
 .ARM.attributes
                0x00000429       0x39 ./Generated_Code/LED_B.o
 .ARM.attributes
                0x00000462       0x39 ./Generated_Code/LED_G.o
 .ARM.attributes
                0x0000049b       0x39 ./Generated_Code/LED_R.o
 .ARM.attributes
                0x000004d4       0x39 ./Generated_Code/PE_LDD.o
 .ARM.attributes
                0x0000050d       0x39 ./Generated_Code/SD1.o
 .ARM.attributes
                0x00000546       0x39 ./Generated_Code/SM1.o
 .ARM.attributes
                0x0000057f       0x39 ./Generated_Code/SS1.o
 .ARM.attributes
                0x000005b8       0x39 ./Generated_Code/TI1.o
 .ARM.attributes
                0x000005f1       0x39 ./Generated_Code/TI2.o
 .ARM.attributes
                0x0000062a       0x39 ./Generated_Code/TMOUT1.o
 .ARM.attributes
                0x00000663       0x39 ./Generated_Code/TU1.o
 .ARM.attributes
                0x0000069c       0x39 ./Generated_Code/TU2.o
 .ARM.attributes
                0x000006d5       0x39 ./Generated_Code/TimerIntLdd1.o
 .ARM.attributes
                0x0000070e       0x39 ./Generated_Code/TimerIntLdd2.o
 .ARM.attributes
                0x00000747       0x39 ./Generated_Code/TmDt1.o
 .ARM.attributes
                0x00000780       0x39 ./Generated_Code/UTIL1.o
 .ARM.attributes
                0x000007b9       0x39 ./Generated_Code/WAIT1.o
 .ARM.attributes
                0x000007f2       0x39 ./Generated_Code/ff.o
 .ARM.attributes
                0x0000082b       0x39 c:/freescale/kds_2.0.0/toolchain/bin/../lib/gcc/arm-none-eabi/4.8.0/../../../../arm-none-eabi/lib/m4/fp/v4-sp-d16\libg_s.a(lib_a-impure.o)
 .ARM.attributes
                0x00000864       0x39 c:/freescale/kds_2.0.0/toolchain/bin/../lib/gcc/arm-none-eabi/4.8.0/../../../../arm-none-eabi/lib/m4/fp/v4-sp-d16\libg_s.a(lib_a-malloc.o)
 .ARM.attributes
                0x0000089d       0x39 c:/freescale/kds_2.0.0/toolchain/bin/../lib/gcc/arm-none-eabi/4.8.0/../../../../arm-none-eabi/lib/m4/fp/v4-sp-d16\libg_s.a(lib_a-mallocr.o)
 .ARM.attributes
                0x000008d6       0x39 c:/freescale/kds_2.0.0/toolchain/bin/../lib/gcc/arm-none-eabi/4.8.0/../../../../arm-none-eabi/lib/m4/fp/v4-sp-d16\libg_s.a(lib_a-memset.o)
 .ARM.attributes
                0x0000090f       0x39 c:/freescale/kds_2.0.0/toolchain/bin/../lib/gcc/arm-none-eabi/4.8.0/../../../../arm-none-eabi/lib/m4/fp/v4-sp-d16\libg_s.a(lib_a-sbrkr.o)
 .ARM.attributes
                0x00000948       0x39 c:/freescale/kds_2.0.0/toolchain/bin/../lib/gcc/arm-none-eabi/4.8.0/../../../../arm-none-eabi/lib/m4/fp/v4-sp-d16\libg_s.a(lib_a-sprintf.o)
 .ARM.attributes
                0x00000981       0x39 c:/freescale/kds_2.0.0/toolchain/bin/../lib/gcc/arm-none-eabi/4.8.0/../../../../arm-none-eabi/lib/m4/fp/v4-sp-d16\libg_s.a(lib_a-strlen.o)
 .ARM.attributes
                0x000009ba       0x39 c:/freescale/kds_2.0.0/toolchain/bin/../lib/gcc/arm-none-eabi/4.8.0/../../../../arm-none-eabi/lib/m4/fp/v4-sp-d16\libg_s.a(lib_a-svfprintf.o)
 .ARM.attributes
                0x000009f3       0x39 c:/freescale/kds_2.0.0/toolchain/bin/../lib/gcc/arm-none-eabi/4.8.0/../../../../arm-none-eabi/lib/m4/fp/v4-sp-d16\libg_s.a(lib_a-syscalls.o)
 .ARM.attributes
                0x00000a2c       0x39 c:/freescale/kds_2.0.0/toolchain/bin/../lib/gcc/arm-none-eabi/4.8.0/../../../../arm-none-eabi/lib/m4/fp/v4-sp-d16\libg_s.a(lib_a-vfprintf_i.o)
 .ARM.attributes
                0x00000a65       0x39 c:/freescale/kds_2.0.0/toolchain/bin/../lib/gcc/arm-none-eabi/4.8.0/../../../../arm-none-eabi/lib/m4/fp/v4-sp-d16\libg_s.a(lib_a-errno.o)
 .ARM.attributes
                0x00000a9e       0x39 c:/freescale/kds_2.0.0/toolchain/bin/../lib/gcc/arm-none-eabi/4.8.0/../../../../arm-none-eabi/lib/m4/fp/v4-sp-d16\libg_s.a(lib_a-freer.o)
 .ARM.attributes
                0x00000ad7       0x39 c:/freescale/kds_2.0.0/toolchain/bin/../lib/gcc/arm-none-eabi/4.8.0/../../../../arm-none-eabi/lib/m4/fp/v4-sp-d16\libg_s.a(lib_a-memchr.o)
 .ARM.attributes
                0x00000b10       0x39 c:/freescale/kds_2.0.0/toolchain/bin/../lib/gcc/arm-none-eabi/4.8.0/../../../../arm-none-eabi/lib/m4/fp/v4-sp-d16\libg_s.a(lib_a-memcpy.o)
 .ARM.attributes
                0x00000b49       0x39 c:/freescale/kds_2.0.0/toolchain/bin/../lib/gcc/arm-none-eabi/4.8.0/../../../../arm-none-eabi/lib/m4/fp/v4-sp-d16\libg_s.a(lib_a-reallocr.o)
 .ARM.attributes
                0x00000b82       0x39 c:/freescale/kds_2.0.0/toolchain/bin/../lib/gcc/arm-none-eabi/4.8.0/../../../../arm-none-eabi/lib/m4/fp/v4-sp-d16\libg_s.a(lib_a-reent.o)
 .ARM.attributes
                0x00000bbb       0x39 c:/freescale/kds_2.0.0/toolchain/bin/../lib/gcc/arm-none-eabi/4.8.0/../../../../arm-none-eabi/lib/m4/fp/v4-sp-d16\libg_s.a(lib_a-msizer.o)
 .ARM.attributes
                0x00000bf4       0x39 c:/freescale/kds_2.0.0/toolchain/bin/../lib/gcc/arm-none-eabi/4.8.0/m4/fp/v4-sp-d16/crtend.o
 .ARM.attributes
                0x00000c2d       0x27 c:/freescale/kds_2.0.0/toolchain/bin/../lib/gcc/arm-none-eabi/4.8.0/m4/fp/v4-sp-d16/crtn.o
OUTPUT(LEDData.elf elf32-littlearm)

.comment        0x00000000       0x2a
 .comment       0x00000000       0x2a c:/freescale/kds_2.0.0/toolchain/bin/../lib/gcc/arm-none-eabi/4.8.0/m4/fp/v4-sp-d16/crtbegin.o
                                 0x2b (size before relaxing)
 .comment       0x00000000       0x2b ./Sources/Application.o
 .comment       0x00000000       0x2b ./Sources/Events.o
 .comment       0x00000000       0x2b ./Sources/LEDController.o
 .comment       0x00000000       0x2b ./Sources/SDBuffer.o
 .comment       0x00000000       0x2b ./Sources/TimeKeep.o
 .comment       0x00000000       0x2b ./Sources/main.o
 .comment       0x00000000       0x2b ./Project_Settings/Startup_Code/startup.o
 .comment       0x00000000       0x2b ./Generated_Code/System/CPU_Init.o
 .comment       0x00000000       0x2b ./Generated_Code/System/Vectors.o
 .comment       0x00000000       0x2b ./Generated_Code/CD1.o
 .comment       0x00000000       0x2b ./Generated_Code/CI2C1.o
 .comment       0x00000000       0x2b ./Generated_Code/Cpu.o
 .comment       0x00000000       0x2b ./Generated_Code/EInt1.o
 .comment       0x00000000       0x2b ./Generated_Code/EInt2.o
 .comment       0x00000000       0x2b ./Generated_Code/FAT1.o
 .comment       0x00000000       0x2b ./Generated_Code/FX1.o
 .comment       0x00000000       0x2b ./Generated_Code/GI2C1.o
 .comment       0x00000000       0x2b ./Generated_Code/LED_B.o
 .comment       0x00000000       0x2b ./Generated_Code/LED_G.o
 .comment       0x00000000       0x2b ./Generated_Code/LED_R.o
 .comment       0x00000000       0x2b ./Generated_Code/PE_LDD.o
 .comment       0x00000000       0x2b ./Generated_Code/SD1.o
 .comment       0x00000000       0x2b ./Generated_Code/SM1.o
 .comment       0x00000000       0x2b ./Generated_Code/SS1.o
 .comment       0x00000000       0x2b ./Generated_Code/TI1.o
 .comment       0x00000000       0x2b ./Generated_Code/TI2.o
 .comment       0x00000000       0x2b ./Generated_Code/TMOUT1.o
 .comment       0x00000000       0x2b ./Generated_Code/TU1.o
 .comment       0x00000000       0x2b ./Generated_Code/TU2.o
 .comment       0x00000000       0x2b ./Generated_Code/TimerIntLdd1.o
 .comment       0x00000000       0x2b ./Generated_Code/TimerIntLdd2.o
 .comment       0x00000000       0x2b ./Generated_Code/TmDt1.o
 .comment       0x00000000       0x2b ./Generated_Code/UTIL1.o
 .comment       0x00000000       0x2b ./Generated_Code/WAIT1.o
 .comment       0x00000000       0x2b ./Generated_Code/ff.o
 .comment       0x00000000       0x2b c:/freescale/kds_2.0.0/toolchain/bin/../lib/gcc/arm-none-eabi/4.8.0/../../../../arm-none-eabi/lib/m4/fp/v4-sp-d16\libg_s.a(lib_a-impure.o)
 .comment       0x00000000       0x2b c:/freescale/kds_2.0.0/toolchain/bin/../lib/gcc/arm-none-eabi/4.8.0/../../../../arm-none-eabi/lib/m4/fp/v4-sp-d16\libg_s.a(lib_a-malloc.o)
 .comment       0x00000000       0x2b c:/freescale/kds_2.0.0/toolchain/bin/../lib/gcc/arm-none-eabi/4.8.0/../../../../arm-none-eabi/lib/m4/fp/v4-sp-d16\libg_s.a(lib_a-mallocr.o)
 .comment       0x00000000       0x2b c:/freescale/kds_2.0.0/toolchain/bin/../lib/gcc/arm-none-eabi/4.8.0/../../../../arm-none-eabi/lib/m4/fp/v4-sp-d16\libg_s.a(lib_a-memset.o)
 .comment       0x00000000       0x2b c:/freescale/kds_2.0.0/toolchain/bin/../lib/gcc/arm-none-eabi/4.8.0/../../../../arm-none-eabi/lib/m4/fp/v4-sp-d16\libg_s.a(lib_a-sbrkr.o)
 .comment       0x00000000       0x2b c:/freescale/kds_2.0.0/toolchain/bin/../lib/gcc/arm-none-eabi/4.8.0/../../../../arm-none-eabi/lib/m4/fp/v4-sp-d16\libg_s.a(lib_a-sprintf.o)
 .comment       0x00000000       0x2b c:/freescale/kds_2.0.0/toolchain/bin/../lib/gcc/arm-none-eabi/4.8.0/../../../../arm-none-eabi/lib/m4/fp/v4-sp-d16\libg_s.a(lib_a-strlen.o)
 .comment       0x00000000       0x2b c:/freescale/kds_2.0.0/toolchain/bin/../lib/gcc/arm-none-eabi/4.8.0/../../../../arm-none-eabi/lib/m4/fp/v4-sp-d16\libg_s.a(lib_a-svfprintf.o)
 .comment       0x00000000       0x2b c:/freescale/kds_2.0.0/toolchain/bin/../lib/gcc/arm-none-eabi/4.8.0/../../../../arm-none-eabi/lib/m4/fp/v4-sp-d16\libg_s.a(lib_a-syscalls.o)
 .comment       0x00000000       0x2b c:/freescale/kds_2.0.0/toolchain/bin/../lib/gcc/arm-none-eabi/4.8.0/../../../../arm-none-eabi/lib/m4/fp/v4-sp-d16\libg_s.a(lib_a-vfprintf_i.o)
 .comment       0x00000000       0x2b c:/freescale/kds_2.0.0/toolchain/bin/../lib/gcc/arm-none-eabi/4.8.0/../../../../arm-none-eabi/lib/m4/fp/v4-sp-d16\libg_s.a(lib_a-errno.o)
 .comment       0x00000000       0x2b c:/freescale/kds_2.0.0/toolchain/bin/../lib/gcc/arm-none-eabi/4.8.0/../../../../arm-none-eabi/lib/m4/fp/v4-sp-d16\libg_s.a(lib_a-freer.o)
 .comment       0x00000000       0x2b c:/freescale/kds_2.0.0/toolchain/bin/../lib/gcc/arm-none-eabi/4.8.0/../../../../arm-none-eabi/lib/m4/fp/v4-sp-d16\libg_s.a(lib_a-memchr.o)
 .comment       0x00000000       0x2b c:/freescale/kds_2.0.0/toolchain/bin/../lib/gcc/arm-none-eabi/4.8.0/../../../../arm-none-eabi/lib/m4/fp/v4-sp-d16\libg_s.a(lib_a-memcpy.o)
 .comment       0x00000000       0x2b c:/freescale/kds_2.0.0/toolchain/bin/../lib/gcc/arm-none-eabi/4.8.0/../../../../arm-none-eabi/lib/m4/fp/v4-sp-d16\libg_s.a(lib_a-reallocr.o)
 .comment       0x00000000       0x2b c:/freescale/kds_2.0.0/toolchain/bin/../lib/gcc/arm-none-eabi/4.8.0/../../../../arm-none-eabi/lib/m4/fp/v4-sp-d16\libg_s.a(lib_a-reent.o)
 .comment       0x00000000       0x2b c:/freescale/kds_2.0.0/toolchain/bin/../lib/gcc/arm-none-eabi/4.8.0/../../../../arm-none-eabi/lib/m4/fp/v4-sp-d16\libg_s.a(lib_a-msizer.o)
 .comment       0x00000000       0x2b c:/freescale/kds_2.0.0/toolchain/bin/../lib/gcc/arm-none-eabi/4.8.0/m4/fp/v4-sp-d16/crtend.o

.debug_info     0x00000000     0xc8f5
 .debug_info    0x00000000      0x734 ./Sources/Application.o
 .debug_info    0x00000734      0x1fa ./Sources/Events.o
 .debug_info    0x0000092e      0x1a7 ./Sources/LEDController.o
 .debug_info    0x00000ad5      0x2e1 ./Sources/SDBuffer.o
 .debug_info    0x00000db6      0x117 ./Sources/TimeKeep.o
 .debug_info    0x00000ecd      0x318 ./Sources/main.o
 .debug_info    0x000011e5      0x498 ./Project_Settings/Startup_Code/startup.o
 .debug_info    0x0000167d      0xafa ./Generated_Code/System/CPU_Init.o
 .debug_info    0x00002177      0x816 ./Generated_Code/System/Vectors.o
 .debug_info    0x0000298d      0x4a5 ./Generated_Code/CD1.o
 .debug_info    0x00002e32      0x881 ./Generated_Code/CI2C1.o
 .debug_info    0x000036b3       0xa7 ./Generated_Code/Cpu.o
 .debug_info    0x0000375a      0x540 ./Generated_Code/EInt1.o
 .debug_info    0x00003c9a      0x540 ./Generated_Code/EInt2.o
 .debug_info    0x000041da      0x4fd ./Generated_Code/FAT1.o
 .debug_info    0x000046d7      0x871 ./Generated_Code/FX1.o
 .debug_info    0x00004f48      0x5ce ./Generated_Code/GI2C1.o
 .debug_info    0x00005516      0x521 ./Generated_Code/LED_B.o
 .debug_info    0x00005a37      0x521 ./Generated_Code/LED_G.o
 .debug_info    0x00005f58      0x521 ./Generated_Code/LED_R.o
 .debug_info    0x00006479      0x23b ./Generated_Code/PE_LDD.o
 .debug_info    0x000066b4      0x7f6 ./Generated_Code/SD1.o
 .debug_info    0x00006eaa      0x8ca ./Generated_Code/SM1.o
 .debug_info    0x00007774      0x521 ./Generated_Code/SS1.o
 .debug_info    0x00007c95       0xb2 ./Generated_Code/TI1.o
 .debug_info    0x00007d47       0xb2 ./Generated_Code/TI2.o
 .debug_info    0x00007df9      0x2ab ./Generated_Code/TMOUT1.o
 .debug_info    0x000080a4      0x631 ./Generated_Code/TU1.o
 .debug_info    0x000086d5      0x631 ./Generated_Code/TU2.o
 .debug_info    0x00008d06      0x177 ./Generated_Code/TimerIntLdd1.o
 .debug_info    0x00008e7d      0x177 ./Generated_Code/TimerIntLdd2.o
 .debug_info    0x00008ff4      0x36c ./Generated_Code/TmDt1.o
 .debug_info    0x00009360     0x152a ./Generated_Code/UTIL1.o
 .debug_info    0x0000a88a      0x132 ./Generated_Code/WAIT1.o
 .debug_info    0x0000a9bc     0x1f39 ./Generated_Code/ff.o

.debug_abbrev   0x00000000     0x2cec
 .debug_abbrev  0x00000000      0x1c5 ./Sources/Application.o
 .debug_abbrev  0x000001c5      0x102 ./Sources/Events.o
 .debug_abbrev  0x000002c7       0xce ./Sources/LEDController.o
 .debug_abbrev  0x00000395      0x18c ./Sources/SDBuffer.o
 .debug_abbrev  0x00000521       0x7f ./Sources/TimeKeep.o
 .debug_abbrev  0x000005a0       0xf9 ./Sources/main.o
 .debug_abbrev  0x00000699      0x1a1 ./Project_Settings/Startup_Code/startup.o
 .debug_abbrev  0x0000083a      0x1bd ./Generated_Code/System/CPU_Init.o
 .debug_abbrev  0x000009f7       0xd6 ./Generated_Code/System/Vectors.o
 .debug_abbrev  0x00000acd      0x14e ./Generated_Code/CD1.o
 .debug_abbrev  0x00000c1b      0x1a5 ./Generated_Code/CI2C1.o
 .debug_abbrev  0x00000dc0       0x45 ./Generated_Code/Cpu.o
 .debug_abbrev  0x00000e05      0x15d ./Generated_Code/EInt1.o
 .debug_abbrev  0x00000f62      0x15d ./Generated_Code/EInt2.o
 .debug_abbrev  0x000010bf      0x15b ./Generated_Code/FAT1.o
 .debug_abbrev  0x0000121a      0x1cb ./Generated_Code/FX1.o
 .debug_abbrev  0x000013e5      0x1eb ./Generated_Code/GI2C1.o
 .debug_abbrev  0x000015d0      0x186 ./Generated_Code/LED_B.o
 .debug_abbrev  0x00001756      0x186 ./Generated_Code/LED_G.o
 .debug_abbrev  0x000018dc      0x186 ./Generated_Code/LED_R.o
 .debug_abbrev  0x00001a62      0x10d ./Generated_Code/PE_LDD.o
 .debug_abbrev  0x00001b6f      0x23e ./Generated_Code/SD1.o
 .debug_abbrev  0x00001dad      0x1e4 ./Generated_Code/SM1.o
 .debug_abbrev  0x00001f91      0x186 ./Generated_Code/SS1.o
 .debug_abbrev  0x00002117       0x68 ./Generated_Code/TI1.o
 .debug_abbrev  0x0000217f       0x68 ./Generated_Code/TI2.o
 .debug_abbrev  0x000021e7       0xaf ./Generated_Code/TMOUT1.o
 .debug_abbrev  0x00002296      0x16a ./Generated_Code/TU1.o
 .debug_abbrev  0x00002400      0x16a ./Generated_Code/TU2.o
 .debug_abbrev  0x0000256a       0xdd ./Generated_Code/TimerIntLdd1.o
 .debug_abbrev  0x00002647       0xdd ./Generated_Code/TimerIntLdd2.o
 .debug_abbrev  0x00002724      0x143 ./Generated_Code/TmDt1.o
 .debug_abbrev  0x00002867      0x1b8 ./Generated_Code/UTIL1.o
 .debug_abbrev  0x00002a1f       0xb1 ./Generated_Code/WAIT1.o
 .debug_abbrev  0x00002ad0      0x21c ./Generated_Code/ff.o

.debug_aranges  0x00000000     0x1008
 .debug_aranges
                0x00000000       0x30 ./Sources/Application.o
 .debug_aranges
                0x00000030       0x58 ./Sources/Events.o
 .debug_aranges
                0x00000088       0x20 ./Sources/LEDController.o
 .debug_aranges
                0x000000a8       0x40 ./Sources/SDBuffer.o
 .debug_aranges
                0x000000e8       0x28 ./Sources/TimeKeep.o
 .debug_aranges
                0x00000110       0x20 ./Sources/main.o
 .debug_aranges
                0x00000130       0x60 ./Project_Settings/Startup_Code/startup.o
 .debug_aranges
                0x00000190       0x40 ./Generated_Code/System/CPU_Init.o
 .debug_aranges
                0x000001d0      0x340 ./Generated_Code/System/Vectors.o
 .debug_aranges
                0x00000510       0x30 ./Generated_Code/CD1.o
 .debug_aranges
                0x00000540       0x48 ./Generated_Code/CI2C1.o
 .debug_aranges
                0x00000588       0x28 ./Generated_Code/Cpu.o
 .debug_aranges
                0x000005b0       0x28 ./Generated_Code/EInt1.o
 .debug_aranges
                0x000005d8       0x28 ./Generated_Code/EInt2.o
 .debug_aranges
                0x00000600       0x78 ./Generated_Code/FAT1.o
 .debug_aranges
                0x00000678      0x130 ./Generated_Code/FX1.o
 .debug_aranges
                0x000007a8       0xa0 ./Generated_Code/GI2C1.o
 .debug_aranges
                0x00000848       0x48 ./Generated_Code/LED_B.o
 .debug_aranges
                0x00000890       0x48 ./Generated_Code/LED_G.o
 .debug_aranges
                0x000008d8       0x48 ./Generated_Code/LED_R.o
 .debug_aranges
                0x00000920       0x30 ./Generated_Code/PE_LDD.o
 .debug_aranges
                0x00000950       0xe0 ./Generated_Code/SD1.o
 .debug_aranges
                0x00000a30       0x48 ./Generated_Code/SM1.o
 .debug_aranges
                0x00000a78       0x48 ./Generated_Code/SS1.o
 .debug_aranges
                0x00000ac0       0x20 ./Generated_Code/TI1.o
 .debug_aranges
                0x00000ae0       0x20 ./Generated_Code/TI2.o
 .debug_aranges
                0x00000b00       0x50 ./Generated_Code/TMOUT1.o
 .debug_aranges
                0x00000b50       0x28 ./Generated_Code/TU1.o
 .debug_aranges
                0x00000b78       0x28 ./Generated_Code/TU2.o
 .debug_aranges
                0x00000ba0       0x28 ./Generated_Code/TimerIntLdd1.o
 .debug_aranges
                0x00000bc8       0x28 ./Generated_Code/TimerIntLdd2.o
 .debug_aranges
                0x00000bf0       0x58 ./Generated_Code/TmDt1.o
 .debug_aranges
                0x00000c48      0x1b0 ./Generated_Code/UTIL1.o
 .debug_aranges
                0x00000df8       0x40 ./Generated_Code/WAIT1.o
 .debug_aranges
                0x00000e38      0x1d0 ./Generated_Code/ff.o

.debug_ranges   0x00000000      0xdf0
 .debug_ranges  0x00000000       0x20 ./Sources/Application.o
 .debug_ranges  0x00000020       0x48 ./Sources/Events.o
 .debug_ranges  0x00000068       0x10 ./Sources/LEDController.o
 .debug_ranges  0x00000078       0x30 ./Sources/SDBuffer.o
 .debug_ranges  0x000000a8       0x18 ./Sources/TimeKeep.o
 .debug_ranges  0x000000c0       0x10 ./Sources/main.o
 .debug_ranges  0x000000d0       0x50 ./Project_Settings/Startup_Code/startup.o
 .debug_ranges  0x00000120       0x30 ./Generated_Code/System/CPU_Init.o
 .debug_ranges  0x00000150      0x330 ./Generated_Code/System/Vectors.o
 .debug_ranges  0x00000480       0x20 ./Generated_Code/CD1.o
 .debug_ranges  0x000004a0       0x38 ./Generated_Code/CI2C1.o
 .debug_ranges  0x000004d8       0x18 ./Generated_Code/Cpu.o
 .debug_ranges  0x000004f0       0x18 ./Generated_Code/EInt1.o
 .debug_ranges  0x00000508       0x18 ./Generated_Code/EInt2.o
 .debug_ranges  0x00000520       0x68 ./Generated_Code/FAT1.o
 .debug_ranges  0x00000588      0x120 ./Generated_Code/FX1.o
 .debug_ranges  0x000006a8       0x90 ./Generated_Code/GI2C1.o
 .debug_ranges  0x00000738       0x38 ./Generated_Code/LED_B.o
 .debug_ranges  0x00000770       0x38 ./Generated_Code/LED_G.o
 .debug_ranges  0x000007a8       0x38 ./Generated_Code/LED_R.o
 .debug_ranges  0x000007e0       0x20 ./Generated_Code/PE_LDD.o
 .debug_ranges  0x00000800       0xd0 ./Generated_Code/SD1.o
 .debug_ranges  0x000008d0       0x38 ./Generated_Code/SM1.o
 .debug_ranges  0x00000908       0x38 ./Generated_Code/SS1.o
 .debug_ranges  0x00000940       0x10 ./Generated_Code/TI1.o
 .debug_ranges  0x00000950       0x10 ./Generated_Code/TI2.o
 .debug_ranges  0x00000960       0x40 ./Generated_Code/TMOUT1.o
 .debug_ranges  0x000009a0       0x18 ./Generated_Code/TU1.o
 .debug_ranges  0x000009b8       0x18 ./Generated_Code/TU2.o
 .debug_ranges  0x000009d0       0x18 ./Generated_Code/TimerIntLdd1.o
 .debug_ranges  0x000009e8       0x18 ./Generated_Code/TimerIntLdd2.o
 .debug_ranges  0x00000a00       0x48 ./Generated_Code/TmDt1.o
 .debug_ranges  0x00000a48      0x1a0 ./Generated_Code/UTIL1.o
 .debug_ranges  0x00000be8       0x30 ./Generated_Code/WAIT1.o
 .debug_ranges  0x00000c18      0x1d8 ./Generated_Code/ff.o

.debug_macro    0x00000000    0x367d8
 .debug_macro   0x00000000      0x3da ./Sources/Application.o
 .debug_macro   0x000003da      0x850 ./Sources/Application.o
 .debug_macro   0x00000c2a      0x214 ./Sources/Application.o
 .debug_macro   0x00000e3e     0x17c9 ./Sources/Application.o
 .debug_macro   0x00002607      0x14e ./Sources/Application.o
 .debug_macro   0x00002755       0x6a ./Sources/Application.o
 .debug_macro   0x000027bf    0x10f7a ./Sources/Application.o
 .debug_macro   0x00013739       0x2e ./Sources/Application.o
 .debug_macro   0x00013767       0x2e ./Sources/Application.o
 .debug_macro   0x00013795       0x95 ./Sources/Application.o
 .debug_macro   0x0001382a       0x16 ./Sources/Application.o
 .debug_macro   0x00013840      0x471 ./Sources/Application.o
 .debug_macro   0x00013cb1       0x31 ./Sources/Application.o
 .debug_macro   0x00013ce2       0x43 ./Sources/Application.o
 .debug_macro   0x00013d25       0x16 ./Sources/Application.o
 .debug_macro   0x00013d3b       0xcf ./Sources/Application.o
 .debug_macro   0x00013e0a       0x52 ./Sources/Application.o
 .debug_macro   0x00013e5c       0x94 ./Sources/Application.o
 .debug_macro   0x00013ef0      0x642 ./Sources/Application.o
 .debug_macro   0x00014532       0x51 ./Sources/Application.o
 .debug_macro   0x00014583      0x131 ./Sources/Application.o
 .debug_macro   0x000146b4       0x46 ./Sources/Application.o
 .debug_macro   0x000146fa       0x3a ./Sources/Application.o
 .debug_macro   0x00014734       0x2e ./Sources/Application.o
 .debug_macro   0x00014762       0x1c ./Sources/Application.o
 .debug_macro   0x0001477e       0x1c ./Sources/Application.o
 .debug_macro   0x0001479a       0xe4 ./Sources/Application.o
 .debug_macro   0x0001487e       0xd6 ./Sources/Application.o
 .debug_macro   0x00014954       0xdd ./Sources/Application.o
 .debug_macro   0x00014a31       0x1c ./Sources/Application.o
 .debug_macro   0x00014a4d       0x3a ./Sources/Application.o
 .debug_macro   0x00014a87       0x52 ./Sources/Application.o
 .debug_macro   0x00014ad9       0x19 ./Sources/Application.o
 .debug_macro   0x00014af2      0x16d ./Sources/Application.o
 .debug_macro   0x00014c5f       0x89 ./Sources/Application.o
 .debug_macro   0x00014ce8       0xef ./Sources/Application.o
 .debug_macro   0x00014dd7       0x19 ./Sources/Application.o
 .debug_macro   0x00014df0       0xf4 ./Sources/Application.o
 .debug_macro   0x00014ee4       0xe0 ./Sources/Application.o
 .debug_macro   0x00014fc4      0x4e9 ./Sources/Application.o
 .debug_macro   0x000154ad       0x10 ./Sources/Application.o
 .debug_macro   0x000154bd       0x16 ./Sources/Application.o
 .debug_macro   0x000154d3       0x35 ./Sources/Application.o
 .debug_macro   0x00015508       0x10 ./Sources/Application.o
 .debug_macro   0x00015518       0x22 ./Sources/Application.o
 .debug_macro   0x0001553a       0x91 ./Sources/Application.o
 .debug_macro   0x000155cb       0x2e ./Sources/Application.o
 .debug_macro   0x000155f9       0x22 ./Sources/Application.o
 .debug_macro   0x0001561b       0x22 ./Sources/Application.o
 .debug_macro   0x0001563d       0x28 ./Sources/Application.o
 .debug_macro   0x00015665       0x4c ./Sources/Application.o
 .debug_macro   0x000156b1       0x4c ./Sources/Application.o
 .debug_macro   0x000156fd       0x4c ./Sources/Application.o
 .debug_macro   0x00015749       0x2e ./Sources/Application.o
 .debug_macro   0x00015777       0x4c ./Sources/Application.o
 .debug_macro   0x000157c3      0x6a6 ./Sources/Application.o
 .debug_macro   0x00015e69       0x49 ./Sources/Application.o
 .debug_macro   0x00015eb2       0x1c ./Sources/Application.o
 .debug_macro   0x00015ece       0x2e ./Sources/Application.o
 .debug_macro   0x00015efc       0x4f ./Sources/Application.o
 .debug_macro   0x00015f4b       0x1c ./Sources/Application.o
 .debug_macro   0x00015f67       0x10 ./Sources/Application.o
 .debug_macro   0x00015f77       0x1c ./Sources/Application.o
 .debug_macro   0x00015f93       0x16 ./Sources/Application.o
 .debug_macro   0x00015fa9       0x10 ./Sources/Application.o
 .debug_macro   0x00015fb9       0x16 ./Sources/Application.o
 .debug_macro   0x00015fcf      0x14a ./Sources/Application.o
 .debug_macro   0x00016119      0x4a9 ./Sources/Events.o
 .debug_macro   0x000165c2      0x12b ./Sources/Events.o
 .debug_macro   0x000166ed       0x46 ./Sources/Events.o
 .debug_macro   0x00016733       0x28 ./Sources/Events.o
 .debug_macro   0x0001675b      0x648 ./Sources/Events.o
 .debug_macro   0x00016da3       0x4c ./Sources/Events.o
 .debug_macro   0x00016def       0x37 ./Sources/Events.o
 .debug_macro   0x00016e26      0x61c ./Sources/Events.o
 .debug_macro   0x00017442      0x626 ./Sources/Events.o
 .debug_macro   0x00017a68      0x327 ./Sources/Events.o
 .debug_macro   0x00017d8f      0x1e8 ./Sources/Events.o
 .debug_macro   0x00017f77      0x109 ./Sources/Events.o
 .debug_macro   0x00018080      0x17e ./Sources/Events.o
 .debug_macro   0x000181fe      0x200 ./Sources/Events.o
 .debug_macro   0x000183fe      0x91e ./Sources/Events.o
 .debug_macro   0x00018d1c      0x588 ./Sources/Events.o
 .debug_macro   0x000192a4       0x9e ./Sources/Events.o
 .debug_macro   0x00019342      0x1f7 ./Sources/Events.o
 .debug_macro   0x00019539      0x50f ./Sources/Events.o
 .debug_macro   0x00019a48      0x297 ./Sources/Events.o
 .debug_macro   0x00019cdf      0x318 ./Sources/Events.o
 .debug_macro   0x00019ff7      0x25a ./Sources/Events.o
 .debug_macro   0x0001a251      0x13d ./Sources/Events.o
 .debug_macro   0x0001a38e      0x30b ./Sources/Events.o
 .debug_macro   0x0001a699       0xba ./Sources/Events.o
 .debug_macro   0x0001a753       0xe9 ./Sources/Events.o
 .debug_macro   0x0001a83c      0x191 ./Sources/Events.o
 .debug_macro   0x0001a9cd       0xea ./Sources/Events.o
 .debug_macro   0x0001aab7      0x348 ./Sources/Events.o
 .debug_macro   0x0001adff      0x7d6 ./Sources/Events.o
 .debug_macro   0x0001b5d5      0x179 ./Sources/Events.o
 .debug_macro   0x0001b74e      0x645 ./Sources/Events.o
 .debug_macro   0x0001bd93      0x8d8 ./Sources/Events.o
 .debug_macro   0x0001c66b      0x11c ./Sources/Events.o
 .debug_macro   0x0001c787       0x81 ./Sources/Events.o
 .debug_macro   0x0001c808      0x7bf ./Sources/Events.o
 .debug_macro   0x0001cfc7      0x10f ./Sources/Events.o
 .debug_macro   0x0001d0d6      0x614 ./Sources/Events.o
 .debug_macro   0x0001d6ea      0x181 ./Sources/Events.o
 .debug_macro   0x0001d86b       0x3d ./Sources/LEDController.o
 .debug_macro   0x0001d8a8      0x24d ./Sources/SDBuffer.o
 .debug_macro   0x0001daf5     0x17c9 ./Sources/SDBuffer.o
 .debug_macro   0x0001f2be       0x28 ./Sources/SDBuffer.o
 .debug_macro   0x0001f2e6       0x16 ./Sources/SDBuffer.o
 .debug_macro   0x0001f2fc       0x10 ./Sources/SDBuffer.o
 .debug_macro   0x0001f30c       0x1c ./Sources/SDBuffer.o
 .debug_macro   0x0001f328      0x143 ./Sources/TimeKeep.o
 .debug_macro   0x0001f46b     0x17cf ./Sources/TimeKeep.o
 .debug_macro   0x00020c3a      0x4bc ./Sources/main.o
 .debug_macro   0x000210f6      0x119 ./Project_Settings/Startup_Code/startup.o
 .debug_macro   0x0002120f       0x89 ./Project_Settings/Startup_Code/startup.o
 .debug_macro   0x00021298       0x10 ./Project_Settings/Startup_Code/startup.o
 .debug_macro   0x000212a8    0x10f6e ./Project_Settings/Startup_Code/startup.o
 .debug_macro   0x00032216      0x3bb ./Generated_Code/System/CPU_Init.o
 .debug_macro   0x000325d1      0x2a9 ./Generated_Code/System/CPU_Init.o
 .debug_macro   0x0003287a      0x3a9 ./Generated_Code/System/Vectors.o
 .debug_macro   0x00032c23       0xe0 ./Generated_Code/CD1.o
 .debug_macro   0x00032d03       0x34 ./Generated_Code/CD1.o
 .debug_macro   0x00032d37      0x135 ./Generated_Code/CI2C1.o
 .debug_macro   0x00032e6c      0x4e3 ./Generated_Code/CI2C1.o
 .debug_macro   0x0003334f      0x385 ./Generated_Code/Cpu.o
 .debug_macro   0x000336d4      0x367 ./Generated_Code/EInt1.o
 .debug_macro   0x00033a3b      0x367 ./Generated_Code/EInt2.o
 .debug_macro   0x00033da2      0x1f7 ./Generated_Code/FAT1.o
 .debug_macro   0x00033f99       0xee ./Generated_Code/FAT1.o
 .debug_macro   0x00034087       0xee ./Generated_Code/FAT1.o
 .debug_macro   0x00034175      0x107 ./Generated_Code/FX1.o
 .debug_macro   0x0003427c       0xe0 ./Generated_Code/GI2C1.o
 .debug_macro   0x0003435c       0xe0 ./Generated_Code/LED_B.o
 .debug_macro   0x0003443c       0x46 ./Generated_Code/LED_B.o
 .debug_macro   0x00034482       0xe0 ./Generated_Code/LED_G.o
 .debug_macro   0x00034562       0x46 ./Generated_Code/LED_G.o
 .debug_macro   0x000345a8       0xe0 ./Generated_Code/LED_R.o
 .debug_macro   0x00034688      0x2b5 ./Generated_Code/PE_LDD.o
 .debug_macro   0x0003493d      0x1af ./Generated_Code/SD1.o
 .debug_macro   0x00034aec      0x37c ./Generated_Code/SM1.o
 .debug_macro   0x00034e68       0xe0 ./Generated_Code/SS1.o
 .debug_macro   0x00034f48      0x367 ./Generated_Code/TI1.o
 .debug_macro   0x000352af      0x367 ./Generated_Code/TI2.o
 .debug_macro   0x00035616       0xdd ./Generated_Code/TMOUT1.o
 .debug_macro   0x000356f3       0xf5 ./Generated_Code/TU1.o
 .debug_macro   0x000357e8      0x6a0 ./Generated_Code/TU1.o
 .debug_macro   0x00035e88       0xf5 ./Generated_Code/TU2.o
 .debug_macro   0x00035f7d       0x49 ./Generated_Code/TU2.o
 .debug_macro   0x00035fc6       0xff ./Generated_Code/TimerIntLdd1.o
 .debug_macro   0x000360c5       0xff ./Generated_Code/TimerIntLdd2.o
 .debug_macro   0x000361c4       0xe3 ./Generated_Code/TmDt1.o
 .debug_macro   0x000362a7      0x15d ./Generated_Code/UTIL1.o
 .debug_macro   0x00036404       0xc8 ./Generated_Code/WAIT1.o
 .debug_macro   0x000364cc      0x2b4 ./Generated_Code/ff.o
 .debug_macro   0x00036780       0x58 ./Generated_Code/ff.o

.debug_line     0x00000000     0xc9dc
 .debug_line    0x00000000      0x658 ./Sources/Application.o
 .debug_line    0x00000658      0x81a ./Sources/Events.o
 .debug_line    0x00000e72      0x16d ./Sources/LEDController.o
 .debug_line    0x00000fdf      0x4f8 ./Sources/SDBuffer.o
 .debug_line    0x000014d7      0x391 ./Sources/TimeKeep.o
 .debug_line    0x00001868      0x7ab ./Sources/main.o
 .debug_line    0x00002013      0x3ec ./Project_Settings/Startup_Code/startup.o
 .debug_line    0x000023ff      0x739 ./Generated_Code/System/CPU_Init.o
 .debug_line    0x00002b38      0xcde ./Generated_Code/System/Vectors.o
 .debug_line    0x00003816      0x38d ./Generated_Code/CD1.o
 .debug_line    0x00003ba3      0x4d1 ./Generated_Code/CI2C1.o
 .debug_line    0x00004074      0x63d ./Generated_Code/Cpu.o
 .debug_line    0x000046b1      0x5eb ./Generated_Code/EInt1.o
 .debug_line    0x00004c9c      0x5eb ./Generated_Code/EInt2.o
 .debug_line    0x00005287      0x57e ./Generated_Code/FAT1.o
 .debug_line    0x00005805      0x62d ./Generated_Code/FX1.o
 .debug_line    0x00005e32      0x4db ./Generated_Code/GI2C1.o
 .debug_line    0x0000630d      0x3c9 ./Generated_Code/LED_B.o
 .debug_line    0x000066d6      0x3c9 ./Generated_Code/LED_G.o
 .debug_line    0x00006a9f      0x3c9 ./Generated_Code/LED_R.o
 .debug_line    0x00006e68      0x562 ./Generated_Code/PE_LDD.o
 .debug_line    0x000073ca      0x79a ./Generated_Code/SD1.o
 .debug_line    0x00007b64      0x6aa ./Generated_Code/SM1.o
 .debug_line    0x0000820e      0x3c6 ./Generated_Code/SS1.o
 .debug_line    0x000085d4      0x5c8 ./Generated_Code/TI1.o
 .debug_line    0x00008b9c      0x5c8 ./Generated_Code/TI2.o
 .debug_line    0x00009164      0x3c9 ./Generated_Code/TMOUT1.o
 .debug_line    0x0000952d      0x3ad ./Generated_Code/TU1.o
 .debug_line    0x000098da      0x3a7 ./Generated_Code/TU2.o
 .debug_line    0x00009c81      0x39e ./Generated_Code/TimerIntLdd1.o
 .debug_line    0x0000a01f      0x39e ./Generated_Code/TimerIntLdd2.o
 .debug_line    0x0000a3bd      0x3ee ./Generated_Code/TmDt1.o
 .debug_line    0x0000a7ab      0xbc2 ./Generated_Code/UTIL1.o
 .debug_line    0x0000b36d      0x36e ./Generated_Code/WAIT1.o
 .debug_line    0x0000b6db     0x1301 ./Generated_Code/ff.o

.debug_str      0x00000000    0xe7ece
 .debug_str     0x00000000    0x8092f ./Sources/Application.o
                              0x80b2c (size before relaxing)
 .debug_str     0x0008092f    0x626a5 ./Sources/Events.o
                              0xe2703 (size before relaxing)
 .debug_str     0x000e2fd4       0xb8 ./Sources/LEDController.o
                               0x9cb4 (size before relaxing)
 .debug_str     0x000e308c       0x94 ./Sources/SDBuffer.o
                              0x6c165 (size before relaxing)
 .debug_str     0x000e3120       0x2c ./Sources/TimeKeep.o
                              0x6ab86 (size before relaxing)
 .debug_str     0x000e314c       0x23 ./Sources/main.o
                              0xe2868 (size before relaxing)
 .debug_str     0x000e316f      0x1d0 ./Project_Settings/Startup_Code/startup.o
                              0x6232e (size before relaxing)
 .debug_str     0x000e333f     0x14ae ./Generated_Code/System/CPU_Init.o
                              0x8158a (size before relaxing)
 .debug_str     0x000e47ed      0x9c9 ./Generated_Code/System/Vectors.o
                              0x819d0 (size before relaxing)
 .debug_str     0x000e51b6       0xe7 ./Generated_Code/CD1.o
                              0x6a1ee (size before relaxing)
 .debug_str     0x000e529d      0x323 ./Generated_Code/CI2C1.o
                              0x7064b (size before relaxing)
 .debug_str     0x000e55c0       0x28 ./Generated_Code/Cpu.o
                              0x8004d (size before relaxing)
 .debug_str     0x000e55e8       0x6d ./Generated_Code/EInt1.o
                              0x8025d (size before relaxing)
 .debug_str     0x000e5655       0x6d ./Generated_Code/EInt2.o
                              0x8025d (size before relaxing)
 .debug_str     0x000e56c2      0x105 ./Generated_Code/FAT1.o
                              0x72cae (size before relaxing)
 .debug_str     0x000e57c7      0x2ae ./Generated_Code/FX1.o
                              0x69ba8 (size before relaxing)
 .debug_str     0x000e5a75      0x27e ./Generated_Code/GI2C1.o
                              0x69951 (size before relaxing)
 .debug_str     0x000e5cf3       0x73 ./Generated_Code/LED_B.o
                              0x6a292 (size before relaxing)
 .debug_str     0x000e5d66       0x73 ./Generated_Code/LED_G.o
                              0x6a292 (size before relaxing)
 .debug_str     0x000e5dd9       0x73 ./Generated_Code/LED_R.o
                              0x6a292 (size before relaxing)
 .debug_str     0x000e5e4c      0x166 ./Generated_Code/PE_LDD.o
                              0x7fcac (size before relaxing)
 .debug_str     0x000e5fb2      0x457 ./Generated_Code/SD1.o
                              0x70b07 (size before relaxing)
 .debug_str     0x000e6409      0x28b ./Generated_Code/SM1.o
                              0x804d5 (size before relaxing)
 .debug_str     0x000e6694       0x7b ./Generated_Code/SS1.o
                              0x6a260 (size before relaxing)
 .debug_str     0x000e670f       0x31 ./Generated_Code/TI1.o
                              0x8004a (size before relaxing)
 .debug_str     0x000e6740       0x31 ./Generated_Code/TI2.o
                              0x8004a (size before relaxing)
 .debug_str     0x000e6771       0xed ./Generated_Code/TMOUT1.o
                              0x694f6 (size before relaxing)
 .debug_str     0x000e685e      0x16b ./Generated_Code/TU1.o
                              0x72898 (size before relaxing)
 .debug_str     0x000e69c9       0x64 ./Generated_Code/TU2.o
                              0x72898 (size before relaxing)
 .debug_str     0x000e6a2d       0xbe ./Generated_Code/TimerIntLdd1.o
                              0x726ac (size before relaxing)
 .debug_str     0x000e6aeb       0x61 ./Generated_Code/TimerIntLdd2.o
                              0x726ac (size before relaxing)
 .debug_str     0x000e6b4c       0xf0 ./Generated_Code/TmDt1.o
                              0x694ef (size before relaxing)
 .debug_str     0x000e6c3c      0x645 ./Generated_Code/UTIL1.o
                              0x6b142 (size before relaxing)
 .debug_str     0x000e7281       0x84 ./Generated_Code/WAIT1.o
                              0x69524 (size before relaxing)
 .debug_str     0x000e7305      0xbc9 ./Generated_Code/ff.o
                               0xb393 (size before relaxing)

.debug_frame    0x00000000     0x32ac
 .debug_frame   0x00000000       0x68 ./Sources/Application.o
 .debug_frame   0x00000068       0xec ./Sources/Events.o
 .debug_frame   0x00000154       0x30 ./Sources/LEDController.o
 .debug_frame   0x00000184       0xa0 ./Sources/SDBuffer.o
 .debug_frame   0x00000224       0x40 ./Sources/TimeKeep.o
 .debug_frame   0x00000264       0x30 ./Sources/main.o
 .debug_frame   0x00000294      0x108 ./Project_Settings/Startup_Code/startup.o
 .debug_frame   0x0000039c       0x9c ./Generated_Code/System/CPU_Init.o
 .debug_frame   0x00000438      0xcb0 ./Generated_Code/System/Vectors.o
 .debug_frame   0x000010e8       0x64 ./Generated_Code/CD1.o
 .debug_frame   0x0000114c       0xc4 ./Generated_Code/CI2C1.o
 .debug_frame   0x00001210       0x50 ./Generated_Code/Cpu.o
 .debug_frame   0x00001260       0x50 ./Generated_Code/EInt1.o
 .debug_frame   0x000012b0       0x50 ./Generated_Code/EInt2.o
 .debug_frame   0x00001300      0x188 ./Generated_Code/FAT1.o
 .debug_frame   0x00001488      0x424 ./Generated_Code/FX1.o
 .debug_frame   0x000018ac      0x200 ./Generated_Code/GI2C1.o
 .debug_frame   0x00001aac       0xb8 ./Generated_Code/LED_B.o
 .debug_frame   0x00001b64       0xb8 ./Generated_Code/LED_G.o
 .debug_frame   0x00001c1c       0xb8 ./Generated_Code/LED_R.o
 .debug_frame   0x00001cd4       0x64 ./Generated_Code/PE_LDD.o
 .debug_frame   0x00001d38      0x2fc ./Generated_Code/SD1.o
 .debug_frame   0x00002034       0xc0 ./Generated_Code/SM1.o
 .debug_frame   0x000020f4       0xb8 ./Generated_Code/SS1.o
 .debug_frame   0x000021ac       0x30 ./Generated_Code/TI1.o
 .debug_frame   0x000021dc       0x30 ./Generated_Code/TI2.o
 .debug_frame   0x0000220c       0xd4 ./Generated_Code/TMOUT1.o
 .debug_frame   0x000022e0       0x50 ./Generated_Code/TU1.o
 .debug_frame   0x00002330       0x50 ./Generated_Code/TU2.o
 .debug_frame   0x00002380       0x50 ./Generated_Code/TimerIntLdd1.o
 .debug_frame   0x000023d0       0x50 ./Generated_Code/TimerIntLdd2.o
 .debug_frame   0x00002420       0xf0 ./Generated_Code/TmDt1.o
 .debug_frame   0x00002510      0x63c ./Generated_Code/UTIL1.o
 .debug_frame   0x00002b4c       0x90 ./Generated_Code/WAIT1.o
 .debug_frame   0x00002bdc      0x6d0 ./Generated_Code/ff.o
